Archive member included to satisfy reference by file (symbol)

/usr/lib/gcc/arm-none-eabi/10.3.1/thumb/v6-m/nofp/libgcc.a(_dvmd_tls.o)
                              CMakeFiles/william.dir/home/peter/dev/pico/pico-sdk/src/rp2_common/pico_divider/divider.S.obj (__aeabi_idiv0)
/usr/lib/gcc/arm-none-eabi/10.3.1/../../../arm-none-eabi/lib/thumb/v6-m/nofp/libc.a(lib_a-atexit.o)
                              /usr/lib/gcc/arm-none-eabi/10.3.1/../../../arm-none-eabi/lib/thumb/v6-m/nofp/crt0.o (atexit)
/usr/lib/gcc/arm-none-eabi/10.3.1/../../../arm-none-eabi/lib/thumb/v6-m/nofp/libc.a(lib_a-calloc.o)
                              CMakeFiles/william.dir/home/peter/dev/pico/pico-sdk/src/rp2_common/pico_malloc/pico_malloc.c.obj (calloc)
/usr/lib/gcc/arm-none-eabi/10.3.1/../../../arm-none-eabi/lib/thumb/v6-m/nofp/libc.a(lib_a-callocr.o)
                              /usr/lib/gcc/arm-none-eabi/10.3.1/../../../arm-none-eabi/lib/thumb/v6-m/nofp/libc.a(lib_a-calloc.o) (_calloc_r)
/usr/lib/gcc/arm-none-eabi/10.3.1/../../../arm-none-eabi/lib/thumb/v6-m/nofp/libc.a(lib_a-fini.o)
                              /usr/lib/gcc/arm-none-eabi/10.3.1/../../../arm-none-eabi/lib/thumb/v6-m/nofp/crt0.o (__libc_fini_array)
/usr/lib/gcc/arm-none-eabi/10.3.1/../../../arm-none-eabi/lib/thumb/v6-m/nofp/libc.a(lib_a-impure.o)
                              /usr/lib/gcc/arm-none-eabi/10.3.1/../../../arm-none-eabi/lib/thumb/v6-m/nofp/libc.a(lib_a-calloc.o) (_impure_ptr)
/usr/lib/gcc/arm-none-eabi/10.3.1/../../../arm-none-eabi/lib/thumb/v6-m/nofp/libc.a(lib_a-init.o)
                              /usr/lib/gcc/arm-none-eabi/10.3.1/../../../arm-none-eabi/lib/thumb/v6-m/nofp/crt0.o (__libc_init_array)
/usr/lib/gcc/arm-none-eabi/10.3.1/../../../arm-none-eabi/lib/thumb/v6-m/nofp/libc.a(lib_a-malloc.o)
                              CMakeFiles/william.dir/home/peter/dev/pico/pico-sdk/src/rp2_common/pico_malloc/pico_malloc.c.obj (malloc)
/usr/lib/gcc/arm-none-eabi/10.3.1/../../../arm-none-eabi/lib/thumb/v6-m/nofp/libc.a(lib_a-mallocr.o)
                              /usr/lib/gcc/arm-none-eabi/10.3.1/../../../arm-none-eabi/lib/thumb/v6-m/nofp/libc.a(lib_a-callocr.o) (_malloc_r)
/usr/lib/gcc/arm-none-eabi/10.3.1/../../../arm-none-eabi/lib/thumb/v6-m/nofp/libc.a(lib_a-mlock.o)
                              /usr/lib/gcc/arm-none-eabi/10.3.1/../../../arm-none-eabi/lib/thumb/v6-m/nofp/libc.a(lib_a-mallocr.o) (__malloc_lock)
/usr/lib/gcc/arm-none-eabi/10.3.1/../../../arm-none-eabi/lib/thumb/v6-m/nofp/libc.a(lib_a-realloc.o)
                              CMakeFiles/william.dir/home/peter/dev/pico/pico-sdk/src/rp2_common/pico_malloc/pico_malloc.c.obj (realloc)
/usr/lib/gcc/arm-none-eabi/10.3.1/../../../arm-none-eabi/lib/thumb/v6-m/nofp/libc.a(lib_a-reallocr.o)
                              /usr/lib/gcc/arm-none-eabi/10.3.1/../../../arm-none-eabi/lib/thumb/v6-m/nofp/libc.a(lib_a-realloc.o) (_realloc_r)
/usr/lib/gcc/arm-none-eabi/10.3.1/../../../arm-none-eabi/lib/thumb/v6-m/nofp/libc.a(lib_a-sbrkr.o)
                              /usr/lib/gcc/arm-none-eabi/10.3.1/../../../arm-none-eabi/lib/thumb/v6-m/nofp/libc.a(lib_a-mallocr.o) (_sbrk_r)
/usr/lib/gcc/arm-none-eabi/10.3.1/../../../arm-none-eabi/lib/thumb/v6-m/nofp/libc.a(lib_a-strlen-stub.o)
                              CMakeFiles/william.dir/home/peter/dev/pico/pico-sdk/src/rp2_common/pico_stdio/stdio.c.obj (strlen)
/usr/lib/gcc/arm-none-eabi/10.3.1/../../../arm-none-eabi/lib/thumb/v6-m/nofp/libc.a(lib_a-__atexit.o)
                              /usr/lib/gcc/arm-none-eabi/10.3.1/../../../arm-none-eabi/lib/thumb/v6-m/nofp/libc.a(lib_a-atexit.o) (__register_exitproc)
/usr/lib/gcc/arm-none-eabi/10.3.1/../../../arm-none-eabi/lib/thumb/v6-m/nofp/libc.a(lib_a-freer.o)
                              /usr/lib/gcc/arm-none-eabi/10.3.1/../../../arm-none-eabi/lib/thumb/v6-m/nofp/libc.a(lib_a-malloc.o) (_free_r)
/usr/lib/gcc/arm-none-eabi/10.3.1/../../../arm-none-eabi/lib/thumb/v6-m/nofp/libc.a(lib_a-memmove.o)
                              /usr/lib/gcc/arm-none-eabi/10.3.1/../../../arm-none-eabi/lib/thumb/v6-m/nofp/libc.a(lib_a-reallocr.o) (memmove)
/usr/lib/gcc/arm-none-eabi/10.3.1/../../../arm-none-eabi/lib/thumb/v6-m/nofp/libc.a(lib_a-reent.o)
                              /usr/lib/gcc/arm-none-eabi/10.3.1/../../../arm-none-eabi/lib/thumb/v6-m/nofp/libc.a(lib_a-sbrkr.o) (errno)

Discarded input sections

 .text          0x0000000000000000        0x0 /usr/lib/gcc/arm-none-eabi/10.3.1/thumb/v6-m/nofp/crti.o
 .data          0x0000000000000000        0x0 /usr/lib/gcc/arm-none-eabi/10.3.1/thumb/v6-m/nofp/crti.o
 .bss           0x0000000000000000        0x0 /usr/lib/gcc/arm-none-eabi/10.3.1/thumb/v6-m/nofp/crti.o
 .data          0x0000000000000000        0x4 /usr/lib/gcc/arm-none-eabi/10.3.1/thumb/v6-m/nofp/crtbegin.o
 .rodata        0x0000000000000000       0x24 /usr/lib/gcc/arm-none-eabi/10.3.1/thumb/v6-m/nofp/crtbegin.o
 .fini_array    0x0000000000000000        0x4 /usr/lib/gcc/arm-none-eabi/10.3.1/thumb/v6-m/nofp/crtbegin.o
[...]
Memory Configuration

Name             Origin             Length             Attributes
FLASH            0x0000000010000000 0x0000000000200000 xr
RAM              0x0000000020000000 0x0000000000040000 xrw
SCRATCH_X        0x0000000020040000 0x0000000000001000 xrw
SCRATCH_Y        0x0000000020041000 0x0000000000001000 xrw
*default*        0x0000000000000000 0xffffffffffffffff

Linker script and memory map

LOAD /usr/lib/gcc/arm-none-eabi/10.3.1/thumb/v6-m/nofp/crti.o
LOAD /usr/lib/gcc/arm-none-eabi/10.3.1/thumb/v6-m/nofp/crtbegin.o
LOAD /usr/lib/gcc/arm-none-eabi/10.3.1/../../../arm-none-eabi/lib/thumb/v6-m/nofp/crt0.o

.flash_begin    0x0000000010000000        0x0
                0x0000000010000000                __flash_binary_start = .

.boot2          0x0000000010000000      0x100
                0x0000000010000000                __boot2_start__ = .
 *(.boot2)
 .boot2         0x0000000010000000      0x100 /tmp/ccUZJIFA.o
                0x0000000010000100                __boot2_end__ = .
                0x0000000000000001                ASSERT (((__boot2_end__ - __boot2_start__) == 0x100), ERROR: Pico second stage bootloader must be 256 bytes in size)

.text           0x0000000010000100     0xb690
                0x0000000010000100                __logical_binary_start = .
 *(.vectors)
 .vectors       0x0000000010000100       0xd4 CMakeFiles/william.dir/home/peter/dev/pico/pico-sdk/src/rp2_common/pico_standard_link/crt0.S.obj
                0x0000000010000100                __vectors
                0x0000000010000100                __VECTOR_TABLE
                0x00000000100001c0                isr_invalid
                0x00000000100001c0                __default_isrs_start
                0x00000000100001c2                isr_nmi
                0x00000000100001c4                isr_hardfault
                0x00000000100001c6                isr_svcall
                0x00000000100001c8                isr_pendsv
                0x00000000100001ca                isr_systick
                0x00000000100001cc                isr_irq30
                0x00000000100001cc                __unhandled_user_irq
                0x00000000100001cc                isr_irq13
                0x00000000100001cc                isr_irq27
                0x00000000100001cc                isr_irq31
                0x00000000100001cc                isr_irq5
                0x00000000100001cc                isr_irq11
                0x00000000100001cc                isr_irq23
                0x00000000100001cc                isr_irq18
                0x00000000100001cc                isr_irq28
                0x00000000100001cc                isr_irq19
                0x00000000100001cc                isr_irq0
                0x00000000100001cc                isr_irq6
                0x00000000100001cc                isr_irq22
                0x00000000100001cc                isr_irq17
                0x00000000100001cc                isr_irq14
                0x00000000100001cc                isr_irq2
                0x00000000100001cc                isr_irq10
                0x00000000100001cc                isr_irq8
                0x00000000100001cc                isr_irq24
                0x00000000100001cc                isr_irq1
                0x00000000100001cc                isr_irq7
                0x00000000100001cc                isr_irq21
                0x00000000100001cc                isr_irq20
                0x00000000100001cc                isr_irq15
                0x00000000100001cc                isr_irq25
                0x00000000100001cc                isr_irq4
                0x00000000100001cc                isr_irq16
                0x00000000100001cc                isr_irq29
                0x00000000100001cc                isr_irq26
                0x00000000100001cc                __default_isrs_end
                0x00000000100001cc                isr_irq3
                0x00000000100001cc                isr_irq12
                0x00000000100001cc                isr_irq9
                0x00000000100001d2                unhandled_user_irq_num_in_r0
 *(.binary_info_header)
 .binary_info_header
                0x00000000100001d4       0x14 CMakeFiles/william.dir/home/peter/dev/pico/pico-sdk/src/rp2_common/pico_standard_link/crt0.S.obj
                0x00000000100001e8                __binary_info_header_end = .
 *(.reset)
 .reset         0x00000000100001e8       0xa0 CMakeFiles/william.dir/home/peter/dev/pico/pico-sdk/src/rp2_common/pico_standard_link/crt0.S.obj
                0x00000000100001e8                _entry_point
 .reset         0x0000000010000288       0x30 CMakeFiles/william.dir/home/peter/dev/pico/pico-sdk/src/rp2_common/pico_standard_link/binary_info.c.obj
 *(.init)
 .init          0x00000000100002b8        0x4 /usr/lib/gcc/arm-none-eabi/10.3.1/thumb/v6-m/nofp/crti.o
                0x00000000100002b8                _init
 *(EXCLUDE_FILE(*libm.a: *libc.a:*lib_a-mem*.o *libgcc.a:) .text*)
 .text          0x00000000100002bc       0x98 /usr/lib/gcc/arm-none-eabi/10.3.1/thumb/v6-m/nofp/crtbegin.o
 .text._Z14vTimerCallbackP15tmrTimerControl
                0x0000000010000354      0x154 CMakeFiles/william.dir/main.cpp.obj
                0x0000000010000354                vTimerCallback(tmrTimerControl*)
 .text.adc_gpio_init
                0x00000000100004a8       0x20 CMakeFiles/william.dir/main.cpp.obj
 .text._Z14vTaskReadSpeedPv
                0x00000000100004c8       0xe0 CMakeFiles/william.dir/main.cpp.obj
                0x00000000100004c8                vTaskReadSpeed(void*)
 .text._Z20vTaskLightControllerPv
                0x00000000100005a8       0x58 CMakeFiles/william.dir/main.cpp.obj
                0x00000000100005a8                vTaskLightController(void*)
 .text._Z10init_audiov
                0x0000000010000600       0x50 CMakeFiles/william.dir/main.cpp.obj
                0x0000000010000600                init_audio()
 .text._Z11vTaskPlayerPv
                0x0000000010000650       0x90 CMakeFiles/william.dir/main.cpp.obj
                0x0000000010000650                vTaskPlayer(void*)
 .text.startup.main
                0x00000000100006e0      0x104 CMakeFiles/william.dir/main.cpp.obj
                0x00000000100006e0                main
 .text.gpio_set_function
                0x00000000100007e4       0x30 CMakeFiles/william.dir/home/peter/dev/pico/pico-sdk/src/rp2_common/hardware_gpio/gpio.c.obj
                0x00000000100007e4                gpio_set_function
 .text.gpio_set_pulls
                0x0000000010000814       0x30 CMakeFiles/william.dir/home/peter/dev/pico/pico-sdk/src/rp2_common/hardware_gpio/gpio.c.obj
                0x0000000010000814                gpio_set_pulls
 .text.gpio_set_input_enabled
                0x0000000010000844       0x28 CMakeFiles/william.dir/home/peter/dev/pico/pico-sdk/src/rp2_common/hardware_gpio/gpio.c.obj
                0x0000000010000844                gpio_set_input_enabled
 .text.running_on_fpga
                0x000000001000086c       0x10 CMakeFiles/william.dir/home/peter/dev/pico/pico-sdk/src/rp2_common/pico_platform/platform.c.obj
                0x000000001000086c                running_on_fpga
 .text.hw_claim_lock
                0x000000001000087c       0x18 CMakeFiles/william.dir/home/peter/dev/pico/pico-sdk/src/rp2_common/hardware_claim/claim.c.obj
                0x000000001000087c                hw_claim_lock
 .text.hw_claim_unlock
                0x0000000010000894       0x14 CMakeFiles/william.dir/home/peter/dev/pico/pico-sdk/src/rp2_common/hardware_claim/claim.c.obj
                0x0000000010000894                hw_claim_unlock
 .text.hw_claim_or_assert
                0x00000000100008a8       0x44 CMakeFiles/william.dir/home/peter/dev/pico/pico-sdk/src/rp2_common/hardware_claim/claim.c.obj
                0x00000000100008a8                hw_claim_or_assert
 .text.hw_claim_unused_from_range
                0x00000000100008ec       0x9c CMakeFiles/william.dir/home/peter/dev/pico/pico-sdk/src/rp2_common/hardware_claim/claim.c.obj
                0x00000000100008ec                hw_claim_unused_from_range
 .text.spin_locks_reset
                0x0000000010000988       0x1c CMakeFiles/william.dir/home/peter/dev/pico/pico-sdk/src/rp2_common/hardware_sync/sync.c.obj
                0x0000000010000988                spin_locks_reset
 .text.spin_lock_init
                0x00000000100009a4       0x18 CMakeFiles/william.dir/home/peter/dev/pico/pico-sdk/src/rp2_common/hardware_sync/sync.c.obj
                0x00000000100009a4                spin_lock_init
 .text.next_striped_spin_lock_num
                0x00000000100009bc       0x18 CMakeFiles/william.dir/home/peter/dev/pico/pico-sdk/src/rp2_common/hardware_sync/sync.c.obj
                0x00000000100009bc                next_striped_spin_lock_num
 .text.spin_lock_claim
                0x00000000100009d4       0x18 CMakeFiles/william.dir/home/peter/dev/pico/pico-sdk/src/rp2_common/hardware_sync/sync.c.obj
                0x00000000100009d4                spin_lock_claim
 .text.spin_lock_claim_unused
                0x00000000100009ec       0x20 CMakeFiles/william.dir/home/peter/dev/pico/pico-sdk/src/rp2_common/hardware_sync/sync.c.obj
                0x00000000100009ec                spin_lock_claim_unused
 .text.irq_set_enabled
                0x0000000010000a0c       0x24 CMakeFiles/william.dir/home/peter/dev/pico/pico-sdk/src/rp2_common/hardware_irq/irq.c.obj
                0x0000000010000a0c                irq_set_enabled
 .text.irq_is_enabled
                0x0000000010000a30       0x18 CMakeFiles/william.dir/home/peter/dev/pico/pico-sdk/src/rp2_common/hardware_irq/irq.c.obj
                0x0000000010000a30                irq_is_enabled
 .text.irq_set_pending
                0x0000000010000a48       0x10 CMakeFiles/william.dir/home/peter/dev/pico/pico-sdk/src/rp2_common/hardware_irq/irq.c.obj
                0x0000000010000a48                irq_set_pending
 .text.irq_has_shared_handler
                0x0000000010000a58       0x2c CMakeFiles/william.dir/home/peter/dev/pico/pico-sdk/src/rp2_common/hardware_irq/irq.c.obj
                0x0000000010000a58                irq_has_shared_handler
 .text.irq_get_vtable_handler
                0x0000000010000a84       0x10 CMakeFiles/william.dir/home/peter/dev/pico/pico-sdk/src/rp2_common/hardware_irq/irq.c.obj
                0x0000000010000a84                irq_get_vtable_handler
 .text.irq_set_exclusive_handler
                0x0000000010000a94       0x54 CMakeFiles/william.dir/home/peter/dev/pico/pico-sdk/src/rp2_common/hardware_irq/irq.c.obj
                0x0000000010000a94                irq_set_exclusive_handler
 .text.irq_add_shared_handler
                0x0000000010000ae8      0x1e8 CMakeFiles/william.dir/home/peter/dev/pico/pico-sdk/src/rp2_common/hardware_irq/irq.c.obj
                0x0000000010000ae8                irq_add_shared_handler
 .text.irq_remove_handler
                0x0000000010000cd0      0x1b0 CMakeFiles/william.dir/home/peter/dev/pico/pico-sdk/src/rp2_common/hardware_irq/irq.c.obj
                0x0000000010000cd0                irq_remove_handler
 .text.irq_set_priority
                0x0000000010000e80       0x28 CMakeFiles/william.dir/home/peter/dev/pico/pico-sdk/src/rp2_common/hardware_irq/irq.c.obj
                0x0000000010000e80                irq_set_priority
 .text.irq_add_tail_to_free_list
                0x0000000010000ea8       0xb4 CMakeFiles/william.dir/home/peter/dev/pico/pico-sdk/src/rp2_common/hardware_irq/irq.c.obj
                0x0000000010000ea8                irq_add_tail_to_free_list
 .text.irq_init_priorities
                0x0000000010000f5c       0x24 CMakeFiles/william.dir/home/peter/dev/pico/pico-sdk/src/rp2_common/hardware_irq/irq.c.obj
                0x0000000010000f5c                irq_init_priorities
 .text.user_irq_claim_unused
                0x0000000010000f80       0x28 CMakeFiles/william.dir/home/peter/dev/pico/pico-sdk/src/rp2_common/hardware_irq/irq.c.obj
                0x0000000010000f80                user_irq_claim_unused
 .text.lock_init
                0x0000000010000fa8       0x10 CMakeFiles/william.dir/home/peter/dev/pico/pico-sdk/src/common/pico_sync/lock_core.c.obj
                0x0000000010000fa8                lock_init
 .text.mutex_init
                0x0000000010000fb8       0x1c CMakeFiles/william.dir/home/peter/dev/pico/pico-sdk/src/common/pico_sync/mutex.c.obj
                0x0000000010000fb8                mutex_init
 .text.recursive_mutex_init
                0x0000000010000fd4       0x20 CMakeFiles/william.dir/home/peter/dev/pico/pico-sdk/src/common/pico_sync/mutex.c.obj
                0x0000000010000fd4                recursive_mutex_init
 .text.critical_section_init
                0x0000000010000ff4       0x20 CMakeFiles/william.dir/home/peter/dev/pico/pico-sdk/src/common/pico_sync/critical_section.c.obj
                0x0000000010000ff4                critical_section_init
 .text.critical_section_init_with_lock_num
                0x0000000010001014       0x14 CMakeFiles/william.dir/home/peter/dev/pico/pico-sdk/src/common/pico_sync/critical_section.c.obj
                0x0000000010001014                critical_section_init_with_lock_num
 .text.timer_pool_entry_comparator
                0x0000000010001028       0x34 CMakeFiles/william.dir/home/peter/dev/pico/pico-sdk/src/common/pico_time/time.c.obj
                0x0000000010001028                timer_pool_entry_comparator
 .text.sleep_until_callback
                0x000000001000105c       0x24 CMakeFiles/william.dir/home/peter/dev/pico/pico-sdk/src/common/pico_time/time.c.obj
 .text.add_alarm_under_lock.isra.0
                0x0000000010001080      0x100 CMakeFiles/william.dir/home/peter/dev/pico/pico-sdk/src/common/pico_time/time.c.obj
 .text.alarm_pool_alarm_callback
                0x0000000010001180      0x1bc CMakeFiles/william.dir/home/peter/dev/pico/pico-sdk/src/common/pico_time/time.c.obj
 .text.alarm_pool_init_default
                0x000000001000133c       0x6c CMakeFiles/william.dir/home/peter/dev/pico/pico-sdk/src/common/pico_time/time.c.obj
                0x000000001000133c                alarm_pool_init_default
 .text.alarm_pool_get_default
                0x00000000100013a8        0x8 CMakeFiles/william.dir/home/peter/dev/pico/pico-sdk/src/common/pico_time/time.c.obj
                0x00000000100013a8                alarm_pool_get_default
 .text.alarm_pool_add_alarm_at
                0x00000000100013b0      0x178 CMakeFiles/william.dir/home/peter/dev/pico/pico-sdk/src/common/pico_time/time.c.obj
                0x00000000100013b0                alarm_pool_add_alarm_at
 .text.alarm_pool_core_num
                0x0000000010001528        0x4 CMakeFiles/william.dir/home/peter/dev/pico/pico-sdk/src/common/pico_time/time.c.obj
                0x0000000010001528                alarm_pool_core_num
 .text.best_effort_wfe_or_timeout
                0x000000001000152c       0xd4 CMakeFiles/william.dir/home/peter/dev/pico/pico-sdk/src/common/pico_time/time.c.obj
                0x000000001000152c                best_effort_wfe_or_timeout
 .text.hardware_alarm_irq_handler
                0x0000000010001600       0xbc CMakeFiles/william.dir/home/peter/dev/pico/pico-sdk/src/rp2_common/hardware_timer/timer.c.obj
 .text.hardware_alarm_claim
                0x00000000100016bc       0x18 CMakeFiles/william.dir/home/peter/dev/pico/pico-sdk/src/rp2_common/hardware_timer/timer.c.obj
                0x00000000100016bc                hardware_alarm_claim
 .text.time_us_64
                0x00000000100016d4       0x14 CMakeFiles/william.dir/home/peter/dev/pico/pico-sdk/src/rp2_common/hardware_timer/timer.c.obj
                0x00000000100016d4                time_us_64
 .text.hardware_alarm_set_callback
                0x00000000100016e8       0x8c CMakeFiles/william.dir/home/peter/dev/pico/pico-sdk/src/rp2_common/hardware_timer/timer.c.obj
                0x00000000100016e8                hardware_alarm_set_callback
 .text.hardware_alarm_set_target
                0x0000000010001774       0xd4 CMakeFiles/william.dir/home/peter/dev/pico/pico-sdk/src/rp2_common/hardware_timer/timer.c.obj
                0x0000000010001774                hardware_alarm_set_target
 .text.hardware_alarm_cancel
                0x0000000010001848       0x3c CMakeFiles/william.dir/home/peter/dev/pico/pico-sdk/src/rp2_common/hardware_timer/timer.c.obj
                0x0000000010001848                hardware_alarm_cancel
 .text.ph_merge_nodes
                0x0000000010001884       0x68 CMakeFiles/william.dir/home/peter/dev/pico/pico-sdk/src/common/pico_util/pheap.c.obj
 .text.ph_post_alloc_init
                0x00000000100018ec       0x3c CMakeFiles/william.dir/home/peter/dev/pico/pico-sdk/src/common/pico_util/pheap.c.obj
                0x00000000100018ec                ph_post_alloc_init
 .text.ph_merge_two_pass
                0x0000000010001928       0x90 CMakeFiles/william.dir/home/peter/dev/pico/pico-sdk/src/common/pico_util/pheap.c.obj
                0x0000000010001928                ph_merge_two_pass
 .text.ph_remove_any_head
                0x00000000100019b8      0x100 CMakeFiles/william.dir/home/peter/dev/pico/pico-sdk/src/common/pico_util/pheap.c.obj
 .text.ph_remove_head
                0x0000000010001ab8      0x104 CMakeFiles/william.dir/home/peter/dev/pico/pico-sdk/src/common/pico_util/pheap.c.obj
                0x0000000010001ab8                ph_remove_head
 .text.ph_remove_and_free_node
                0x0000000010001bbc       0x7c CMakeFiles/william.dir/home/peter/dev/pico/pico-sdk/src/common/pico_util/pheap.c.obj
                0x0000000010001bbc                ph_remove_and_free_node
 .text.clocks_init
                0x0000000010001c38      0x2d0 CMakeFiles/william.dir/home/peter/dev/pico/pico-sdk/src/rp2_common/hardware_clocks/clocks.c.obj
                0x0000000010001c38                clocks_init
 .text.clock_get_hz
                0x0000000010001f08        0xc CMakeFiles/william.dir/home/peter/dev/pico/pico-sdk/src/rp2_common/hardware_clocks/clocks.c.obj
                0x0000000010001f08                clock_get_hz
 .text.pll_init
                0x0000000010001f14       0xa0 CMakeFiles/william.dir/home/peter/dev/pico/pico-sdk/src/rp2_common/hardware_pll/pll.c.obj
                0x0000000010001f14                pll_init
 .text.watchdog_start_tick
                0x0000000010001fb4       0x10 CMakeFiles/william.dir/home/peter/dev/pico/pico-sdk/src/rp2_common/hardware_watchdog/watchdog.c.obj
                0x0000000010001fb4                watchdog_start_tick
 .text.watchdog_reboot
                0x0000000010001fc4       0x98 CMakeFiles/william.dir/home/peter/dev/pico/pico-sdk/src/rp2_common/hardware_watchdog/watchdog.c.obj
                0x0000000010001fc4                watchdog_reboot
 .text.xosc_init
                0x000000001000205c       0x28 CMakeFiles/william.dir/home/peter/dev/pico/pico-sdk/src/rp2_common/hardware_xosc/xosc.c.obj
                0x000000001000205c                xosc_init
 .text.runtime_init
                0x0000000010002084       0xf0 CMakeFiles/william.dir/home/peter/dev/pico/pico-sdk/src/rp2_common/pico_runtime/runtime.c.obj
                0x0000000010002084                runtime_init
 .text._exit    0x0000000010002174        0x4 CMakeFiles/william.dir/home/peter/dev/pico/pico-sdk/src/rp2_common/pico_runtime/runtime.c.obj
                0x0000000010002174                _exit
 .text._sbrk    0x0000000010002178       0x34 CMakeFiles/william.dir/home/peter/dev/pico/pico-sdk/src/rp2_common/pico_runtime/runtime.c.obj
                0x0000000010002178                _sbrk
 .text.exit     0x00000000100021ac        0x8 CMakeFiles/william.dir/home/peter/dev/pico/pico-sdk/src/rp2_common/pico_runtime/runtime.c.obj
                0x00000000100021ac                exit
 .text.panic    0x00000000100021b4       0x30 CMakeFiles/william.dir/home/peter/dev/pico/pico-sdk/src/rp2_common/pico_runtime/runtime.c.obj
                0x00000000100021b4                panic
 .text.panic_unsupported
                0x00000000100021e4        0xc CMakeFiles/william.dir/home/peter/dev/pico/pico-sdk/src/rp2_common/pico_runtime/runtime.c.obj
                0x00000000100021e4                panic_unsupported
 .text.hard_assertion_failure
                0x00000000100021f0        0xc CMakeFiles/william.dir/home/peter/dev/pico/pico-sdk/src/rp2_common/pico_runtime/runtime.c.obj
                0x00000000100021f0                hard_assertion_failure
 .text._out_null
                0x00000000100021fc        0x4 CMakeFiles/william.dir/home/peter/dev/pico/pico-sdk/src/rp2_common/pico_printf/printf.c.obj
 .text._out_rev
                0x0000000010002200       0x9c CMakeFiles/william.dir/home/peter/dev/pico/pico-sdk/src/rp2_common/pico_printf/printf.c.obj
 .text._ntoa_format
                0x000000001000229c      0x1cc CMakeFiles/william.dir/home/peter/dev/pico/pico-sdk/src/rp2_common/pico_printf/printf.c.obj
 .text._out_char
                0x0000000010002468       0x10 CMakeFiles/william.dir/home/peter/dev/pico/pico-sdk/src/rp2_common/pico_printf/printf.c.obj
 .text._out_fct
                0x0000000010002478       0x10 CMakeFiles/william.dir/home/peter/dev/pico/pico-sdk/src/rp2_common/pico_printf/printf.c.obj
 .text._etoa    0x0000000010002488      0x44c CMakeFiles/william.dir/home/peter/dev/pico/pico-sdk/src/rp2_common/pico_printf/printf.c.obj
 .text._ftoa    0x00000000100028d4      0x398 CMakeFiles/william.dir/home/peter/dev/pico/pico-sdk/src/rp2_common/pico_printf/printf.c.obj
 .text._vsnprintf
                0x0000000010002c6c      0xb04 CMakeFiles/william.dir/home/peter/dev/pico/pico-sdk/src/rp2_common/pico_printf/printf.c.obj
 .text.vfctprintf
                0x0000000010003770       0x20 CMakeFiles/william.dir/home/peter/dev/pico/pico-sdk/src/rp2_common/pico_printf/printf.c.obj
                0x0000000010003770                vfctprintf
 .text.weak_raw_vprintf
                0x0000000010003790       0x30 CMakeFiles/william.dir/home/peter/dev/pico/pico-sdk/src/rp2_common/pico_printf/printf.c.obj
                0x0000000010003790                weak_raw_vprintf
 .text          0x00000000100037c0       0x10 CMakeFiles/william.dir/home/peter/dev/pico/pico-sdk/src/rp2_common/pico_bit_ops/bit_ops_aeabi.S.obj
 .text.ctzsi    0x00000000100037d0        0xc CMakeFiles/william.dir/home/peter/dev/pico/pico-sdk/src/rp2_common/pico_bit_ops/bit_ops_aeabi.S.obj
                0x00000000100037d0                __wrap___ctzsi2
 .text.rom_func_lookup
                0x00000000100037dc       0x10 CMakeFiles/william.dir/home/peter/dev/pico/pico-sdk/src/rp2_common/pico_bootrom/bootrom.c.obj
                0x00000000100037dc                rom_func_lookup
 .text.rom_data_lookup
                0x00000000100037ec       0x10 CMakeFiles/william.dir/home/peter/dev/pico/pico-sdk/src/rp2_common/pico_bootrom/bootrom.c.obj
                0x00000000100037ec                rom_data_lookup
 .text.rom_funcs_lookup
                0x00000000100037fc       0x44 CMakeFiles/william.dir/home/peter/dev/pico/pico-sdk/src/rp2_common/pico_bootrom/bootrom.c.obj
                0x00000000100037fc                rom_funcs_lookup
 .text.__wrap___aeabi_idiv
                0x0000000010003840       0x50 CMakeFiles/william.dir/home/peter/dev/pico/pico-sdk/src/rp2_common/pico_divider/divider.S.obj
                0x0000000010003840                __wrap___aeabi_idivmod
                0x0000000010003840                divmod_s32s32
                0x0000000010003840                div_s32s32
                0x0000000010003840                __wrap___aeabi_idiv
                0x0000000010003848                divmod_s32s32_unsafe
                0x0000000010003874                divmod_s32s32_savestate
 .text.__wrap___aeabi_uidiv
                0x0000000010003890       0x4c CMakeFiles/william.dir/home/peter/dev/pico/pico-sdk/src/rp2_common/pico_divider/divider.S.obj
                0x0000000010003890                __wrap___aeabi_uidiv
                0x0000000010003890                __wrap___aeabi_uidivmod
                0x0000000010003890                div_u32u32
                0x0000000010003890                divmod_u32u32
                0x0000000010003898                divmod_u32u32_unsafe
                0x00000000100038c0                divmod_u32u32_savestate
 .text.__wrap___aeabi_ldiv
                0x00000000100038dc      0x424 CMakeFiles/william.dir/home/peter/dev/pico/pico-sdk/src/rp2_common/pico_divider/divider.S.obj
                0x00000000100038dc                div_s64s64
                0x00000000100038dc                divmod_s64s64
                0x00000000100038dc                __wrap___aeabi_ldivmod
                0x000000001000390c                div_u64u64
                0x000000001000390c                divmod_u64u64
                0x000000001000390c                __wrap___aeabi_uldivmod
                0x000000001000391c                divmod_u64u64_savestate
                0x000000001000393c                divmod_s64s64_unsafe
                0x00000000100039c4                divmod_u64u64_unsafe
 .text.__wrap___aeabi_darithmetic
                0x0000000010003d00       0x80 CMakeFiles/william.dir/home/peter/dev/pico/pico-sdk/src/rp2_common/pico_double/double_aeabi.S.obj
                0x0000000010003d00                __wrap___aeabi_drsub
                0x0000000010003d06                __wrap___aeabi_dsub
                0x0000000010003d18                __wrap___aeabi_dadd
                0x0000000010003d2a                __wrap___aeabi_ddiv
                0x0000000010003d66                __wrap___aeabi_dmul
 .text.__wrap___aeabi_cdcmple
                0x0000000010003d80       0x6c CMakeFiles/william.dir/home/peter/dev/pico/pico-sdk/src/rp2_common/pico_double/double_aeabi.S.obj
                0x0000000010003d80                __wrap___aeabi_cdrcmple
                0x0000000010003d90                __wrap___aeabi_cdcmple
                0x0000000010003d90                __wrap___aeabi_cdcmpeq
 .text.__wrap___aeabi_dcmplt
                0x0000000010003dec        0xc CMakeFiles/william.dir/home/peter/dev/pico/pico-sdk/src/rp2_common/pico_double/double_aeabi.S.obj
                0x0000000010003dec                __wrap___aeabi_dcmplt
 .text.__wrap___aeabi_dcmple
                0x0000000010003df8       0x10 CMakeFiles/william.dir/home/peter/dev/pico/pico-sdk/src/rp2_common/pico_double/double_aeabi.S.obj
                0x0000000010003df8                __wrap___aeabi_dcmple
 .text.__wrap___aeabi_dcmpge
                0x0000000010003e08       0x10 CMakeFiles/william.dir/home/peter/dev/pico/pico-sdk/src/rp2_common/pico_double/double_aeabi.S.obj
                0x0000000010003e08                __wrap___aeabi_dcmpge
 .text.__wrap___aeabi_dcmpgt
                0x0000000010003e18        0xa CMakeFiles/william.dir/home/peter/dev/pico/pico-sdk/src/rp2_common/pico_double/double_aeabi.S.obj
                0x0000000010003e18                __wrap___aeabi_dcmpgt
 .text.__wrap___aeabi_dcmpun
                0x0000000010003e22       0x1c CMakeFiles/william.dir/home/peter/dev/pico/pico-sdk/src/rp2_common/pico_double/double_aeabi.S.obj
                0x0000000010003e22                __wrap___aeabi_dcmpun
 *fill*         0x0000000010003e3e        0x2 
 .text.__wrap___aeabi_i2d
                0x0000000010003e40       0x38 CMakeFiles/william.dir/home/peter/dev/pico/pico-sdk/src/rp2_common/pico_double/double_aeabi.S.obj
                0x0000000010003e40                __wrap___aeabi_ui2d
                0x0000000010003e48                __wrap___aeabi_i2d
 .text.__wrap___aeabi_d2iz
                0x0000000010003e78       0x48 CMakeFiles/william.dir/home/peter/dev/pico/pico-sdk/src/rp2_common/pico_double/double_aeabi.S.obj
                0x0000000010003e78                __wrap___aeabi_d2iz
                0x0000000010003e78                double2int_z
 .text.__wrap___aeabi_d2uiz
                0x0000000010003ec0       0x18 CMakeFiles/william.dir/home/peter/dev/pico/pico-sdk/src/rp2_common/pico_double/double_aeabi.S.obj
                0x0000000010003ec0                double2uint
                0x0000000010003ec0                __wrap___aeabi_d2uiz
 .text.__aeabi_double_init
                0x0000000010003ed8       0x94 CMakeFiles/william.dir/home/peter/dev/pico/pico-sdk/src/rp2_common/pico_double/double_init_rom.c.obj
                0x0000000010003ed8                __aeabi_double_init
 .text.double_table_shim_on_use_helper
                0x0000000010003f6c       0x2c CMakeFiles/william.dir/home/peter/dev/pico/pico-sdk/src/rp2_common/pico_double/double_v1_rom_shim.S.obj
                0x0000000010003f6c                double_table_shim_on_use_helper
 .text.__wrap___aeabi_dsub
                0x0000000010003f98       0x10 CMakeFiles/william.dir/home/peter/dev/pico/pico-sdk/src/rp2_common/pico_double/double_v1_rom_shim.S.obj
                0x0000000010003f98                drsub_shim
                0x0000000010003f9e                dsub_shim
 .text.dadd_shim
                0x0000000010003fa8      0x15c CMakeFiles/william.dir/home/peter/dev/pico/pico-sdk/src/rp2_common/pico_double/double_v1_rom_shim.S.obj
                0x0000000010003fa8                dadd_shim
 .text.dmul_shim
                0x0000000010004104      0x15c CMakeFiles/william.dir/home/peter/dev/pico/pico-sdk/src/rp2_common/pico_double/double_v1_rom_shim.S.obj
                0x0000000010004104                dmul_shim
 .text.ddiv_shim
                0x0000000010004260      0x1b0 CMakeFiles/william.dir/home/peter/dev/pico/pico-sdk/src/rp2_common/pico_double/double_v1_rom_shim.S.obj
                0x0000000010004260                ddiv_shim
 .text.double2uint_shim
                0x0000000010004410        0xe CMakeFiles/william.dir/home/peter/dev/pico/pico-sdk/src/rp2_common/pico_double/double_v1_rom_shim.S.obj
                0x0000000010004410                double2uint_shim
                0x0000000010004412                double2ufix_shim
 *fill*         0x000000001000441e        0x2 
 .text.double2uint64_shim
                0x0000000010004420       0x70 CMakeFiles/william.dir/home/peter/dev/pico/pico-sdk/src/rp2_common/pico_double/double_v1_rom_shim.S.obj
                0x0000000010004420                double2uint64_shim
                0x0000000010004422                double2ufix64_shim
                0x0000000010004442                d2fix_a
 .text.dunpacks
                0x0000000010004490       0x3c CMakeFiles/william.dir/home/peter/dev/pico/pico-sdk/src/rp2_common/pico_double/double_v1_rom_shim.S.obj
                0x0000000010004490                dunpacks
 .text.__aeabi_lmul
                0x00000000100044cc       0x32 CMakeFiles/william.dir/home/peter/dev/pico/pico-sdk/src/rp2_common/pico_int64_ops/pico_int64_ops_aeabi.S.obj
                0x00000000100044cc                __wrap___aeabi_lmul
 *fill*         0x00000000100044fe        0x2 
 .text.__aeabi_float_init
                0x0000000010004500       0x64 CMakeFiles/william.dir/home/peter/dev/pico/pico-sdk/src/rp2_common/pico_float/float_init_rom.c.obj
                0x0000000010004500                __aeabi_float_init
 .text.float_table_shim_on_use_helper
                0x0000000010004564       0x2c CMakeFiles/william.dir/home/peter/dev/pico/pico-sdk/src/rp2_common/pico_float/float_v1_rom_shim.S.obj
                0x0000000010004564                float_table_shim_on_use_helper
 .text.__wrap_malloc
                0x0000000010004590       0x3c CMakeFiles/william.dir/home/peter/dev/pico/pico-sdk/src/rp2_common/pico_malloc/pico_malloc.c.obj
                0x0000000010004590                __wrap_malloc
 .text.__wrap_calloc
                0x00000000100045cc       0x40 CMakeFiles/william.dir/home/peter/dev/pico/pico-sdk/src/rp2_common/pico_malloc/pico_malloc.c.obj
                0x00000000100045cc                __wrap_calloc
 .text.__wrap_free
                0x000000001000460c       0x20 CMakeFiles/william.dir/home/peter/dev/pico/pico-sdk/src/rp2_common/pico_malloc/pico_malloc.c.obj
                0x000000001000460c                __wrap_free
 .text          0x000000001000462c       0x10 CMakeFiles/william.dir/home/peter/dev/pico/pico-sdk/src/rp2_common/pico_mem_ops/mem_ops_aeabi.S.obj
                0x000000001000462c                __aeabi_mem_init
 .text.memset   0x000000001000463c        0xc CMakeFiles/william.dir/home/peter/dev/pico/pico-sdk/src/rp2_common/pico_mem_ops/mem_ops_aeabi.S.obj
                0x000000001000463c                __wrap_memset
 .text.memcpy   0x0000000010004648        0xc CMakeFiles/william.dir/home/peter/dev/pico/pico-sdk/src/rp2_common/pico_mem_ops/mem_ops_aeabi.S.obj
                0x0000000010004648                __wrap___aeabi_memcpy
                0x0000000010004648                __wrap_memcpy
 .text.stdio_out_chars_no_crlf
                0x0000000010004654       0x10 CMakeFiles/william.dir/home/peter/dev/pico/pico-sdk/src/rp2_common/pico_stdio/stdio.c.obj
 .text.stdio_out_chars_crlf
                0x0000000010004664       0xb4 CMakeFiles/william.dir/home/peter/dev/pico/pico-sdk/src/rp2_common/pico_stdio/stdio.c.obj
 .text.stdio_buffered_printer
                0x0000000010004718       0x64 CMakeFiles/william.dir/home/peter/dev/pico/pico-sdk/src/rp2_common/pico_stdio/stdio.c.obj
 .text.stdio_put_string.isra.0
                0x000000001000477c       0xfc CMakeFiles/william.dir/home/peter/dev/pico/pico-sdk/src/rp2_common/pico_stdio/stdio.c.obj
 .text.__wrap_putchar
                0x0000000010004878       0x98 CMakeFiles/william.dir/home/peter/dev/pico/pico-sdk/src/rp2_common/pico_stdio/stdio.c.obj
                0x0000000010004878                __wrap_putchar
 .text.__wrap_puts
                0x0000000010004910       0x3c CMakeFiles/william.dir/home/peter/dev/pico/pico-sdk/src/rp2_common/pico_stdio/stdio.c.obj
                0x0000000010004910                __wrap_puts
 .text.stdio_set_driver_enabled
                0x000000001000494c       0x30 CMakeFiles/william.dir/home/peter/dev/pico/pico-sdk/src/rp2_common/pico_stdio/stdio.c.obj
                0x000000001000494c                stdio_set_driver_enabled
 .text.__wrap_vprintf
                0x000000001000497c       0xd8 CMakeFiles/william.dir/home/peter/dev/pico/pico-sdk/src/rp2_common/pico_stdio/stdio.c.obj
                0x000000001000497c                __wrap_vprintf
 .text.__wrap_printf
                0x0000000010004a54       0x18 CMakeFiles/william.dir/home/peter/dev/pico/pico-sdk/src/rp2_common/pico_stdio/stdio.c.obj
                0x0000000010004a54                __wrap_printf
 .text.stdio_init_all
                0x0000000010004a6c        0x8 CMakeFiles/william.dir/home/peter/dev/pico/pico-sdk/src/rp2_common/pico_stdio/stdio.c.obj
                0x0000000010004a6c                stdio_init_all
 .text.resetd_init
                0x0000000010004a74        0x4 CMakeFiles/william.dir/home/peter/dev/pico/pico-sdk/src/rp2_common/pico_stdio_usb/reset_interface.c.obj
 .text.resetd_reset
                0x0000000010004a78        0xc CMakeFiles/william.dir/home/peter/dev/pico/pico-sdk/src/rp2_common/pico_stdio_usb/reset_interface.c.obj
 .text.resetd_open
                0x0000000010004a84       0x28 CMakeFiles/william.dir/home/peter/dev/pico/pico-sdk/src/rp2_common/pico_stdio_usb/reset_interface.c.obj
 .text.resetd_xfer_cb
                0x0000000010004aac        0x4 CMakeFiles/william.dir/home/peter/dev/pico/pico-sdk/src/rp2_common/pico_stdio_usb/reset_interface.c.obj
 .text.resetd_control_xfer_cb
                0x0000000010004ab0       0x64 CMakeFiles/william.dir/home/peter/dev/pico/pico-sdk/src/rp2_common/pico_stdio_usb/reset_interface.c.obj
 .text.usbd_app_driver_get_cb
                0x0000000010004b14        0xc CMakeFiles/william.dir/home/peter/dev/pico/pico-sdk/src/rp2_common/pico_stdio_usb/reset_interface.c.obj
                0x0000000010004b14                usbd_app_driver_get_cb
 .text.tud_cdc_line_coding_cb
                0x0000000010004b20       0x34 CMakeFiles/william.dir/home/peter/dev/pico/pico-sdk/src/rp2_common/pico_stdio_usb/reset_interface.c.obj
                0x0000000010004b20                tud_cdc_line_coding_cb
 .text.stdio_usb_set_chars_available_callback
                0x0000000010004b54       0x14 CMakeFiles/william.dir/home/peter/dev/pico/pico-sdk/src/rp2_common/pico_stdio_usb/stdio_usb.c.obj
                0x0000000010004b54                stdio_usb_set_chars_available_callback
 .text.usb_irq  0x0000000010004b68       0x10 CMakeFiles/william.dir/home/peter/dev/pico/pico-sdk/src/rp2_common/pico_stdio_usb/stdio_usb.c.obj
 .text.timer_task
                0x0000000010004b78       0x54 CMakeFiles/william.dir/home/peter/dev/pico/pico-sdk/src/rp2_common/pico_stdio_usb/stdio_usb.c.obj
 .text.stdio_usb_in_chars
                0x0000000010004bcc       0x90 CMakeFiles/william.dir/home/peter/dev/pico/pico-sdk/src/rp2_common/pico_stdio_usb/stdio_usb.c.obj
                0x0000000010004bcc                stdio_usb_in_chars
 .text.stdio_usb_out_chars
                0x0000000010004c5c      0x100 CMakeFiles/william.dir/home/peter/dev/pico/pico-sdk/src/rp2_common/pico_stdio_usb/stdio_usb.c.obj
 .text.low_priority_worker_irq
                0x0000000010004d5c       0xa8 CMakeFiles/william.dir/home/peter/dev/pico/pico-sdk/src/rp2_common/pico_stdio_usb/stdio_usb.c.obj
 .text.tud_cdc_rx_cb
                0x0000000010004e04       0x20 CMakeFiles/william.dir/home/peter/dev/pico/pico-sdk/src/rp2_common/pico_stdio_usb/stdio_usb.c.obj
                0x0000000010004e04                tud_cdc_rx_cb
 .text.stdio_usb_init
                0x0000000010004e24       0xdc CMakeFiles/william.dir/home/peter/dev/pico/pico-sdk/src/rp2_common/pico_stdio_usb/stdio_usb.c.obj
                0x0000000010004e24                stdio_usb_init
 .text.tud_descriptor_device_cb
                0x0000000010004f00        0x8 CMakeFiles/william.dir/home/peter/dev/pico/pico-sdk/src/rp2_common/pico_stdio_usb/stdio_usb_descriptors.c.obj
                0x0000000010004f00                tud_descriptor_device_cb
 .text.tud_descriptor_configuration_cb
                0x0000000010004f08        0x8 CMakeFiles/william.dir/home/peter/dev/pico/pico-sdk/src/rp2_common/pico_stdio_usb/stdio_usb_descriptors.c.obj
                0x0000000010004f08                tud_descriptor_configuration_cb
 .text.tud_descriptor_string_cb
                0x0000000010004f10       0x74 CMakeFiles/william.dir/home/peter/dev/pico/pico-sdk/src/rp2_common/pico_stdio_usb/stdio_usb_descriptors.c.obj
                0x0000000010004f10                tud_descriptor_string_cb
 .text.startup._retrieve_unique_id_on_boot
                0x0000000010004f84       0x10 CMakeFiles/william.dir/home/peter/dev/pico/pico-sdk/src/rp2_common/pico_unique_id/unique_id.c.obj
 .text.pico_get_unique_board_id_string
                0x0000000010004f94      0x1a8 CMakeFiles/william.dir/home/peter/dev/pico/pico-sdk/src/rp2_common/pico_unique_id/unique_id.c.obj
                0x0000000010004f94                pico_get_unique_board_id_string
 .text.flash_get_unique_id
                0x000000001000513c       0x40 CMakeFiles/william.dir/home/peter/dev/pico/pico-sdk/src/rp2_common/hardware_flash/flash.c.obj
                0x000000001000513c                flash_get_unique_id
 .text.dcd_int_enable
                0x000000001000517c        0xc CMakeFiles/william.dir/home/peter/dev/pico/pico-sdk/lib/tinyusb/src/portable/raspberrypi/rp2040/dcd_rp2040.c.obj
                0x000000001000517c                dcd_int_enable
 .text.dcd_set_address
                0x0000000010005188       0x14 CMakeFiles/william.dir/home/peter/dev/pico/pico-sdk/lib/tinyusb/src/portable/raspberrypi/rp2040/dcd_rp2040.c.obj
                0x0000000010005188                dcd_set_address
 .text.dcd_connect
                0x000000001000519c       0x10 CMakeFiles/william.dir/home/peter/dev/pico/pico-sdk/lib/tinyusb/src/portable/raspberrypi/rp2040/dcd_rp2040.c.obj
                0x000000001000519c                dcd_connect
 .text.dcd_init
                0x00000000100051ac       0x98 CMakeFiles/william.dir/home/peter/dev/pico/pico-sdk/lib/tinyusb/src/portable/raspberrypi/rp2040/dcd_rp2040.c.obj
                0x00000000100051ac                dcd_init
 .text.dcd_edpt0_status_complete
                0x0000000010005244       0x1c CMakeFiles/william.dir/home/peter/dev/pico/pico-sdk/lib/tinyusb/src/portable/raspberrypi/rp2040/dcd_rp2040.c.obj
                0x0000000010005244                dcd_edpt0_status_complete
 .text.dcd_edpt_open
                0x0000000010005260      0x108 CMakeFiles/william.dir/home/peter/dev/pico/pico-sdk/lib/tinyusb/src/portable/raspberrypi/rp2040/dcd_rp2040.c.obj
                0x0000000010005260                dcd_edpt_open
 .text.dcd_edpt_close_all
                0x0000000010005368        0x8 CMakeFiles/william.dir/home/peter/dev/pico/pico-sdk/lib/tinyusb/src/portable/raspberrypi/rp2040/dcd_rp2040.c.obj
                0x0000000010005368                dcd_edpt_close_all
 .text.dcd_edpt_xfer
                0x0000000010005370       0x24 CMakeFiles/william.dir/home/peter/dev/pico/pico-sdk/lib/tinyusb/src/portable/raspberrypi/rp2040/dcd_rp2040.c.obj
                0x0000000010005370                dcd_edpt_xfer
 .text.dcd_edpt_stall
                0x0000000010005394       0x38 CMakeFiles/william.dir/home/peter/dev/pico/pico-sdk/lib/tinyusb/src/portable/raspberrypi/rp2040/dcd_rp2040.c.obj
                0x0000000010005394                dcd_edpt_stall
 .text.dcd_edpt_clear_stall
                0x00000000100053cc       0x30 CMakeFiles/william.dir/home/peter/dev/pico/pico-sdk/lib/tinyusb/src/portable/raspberrypi/rp2040/dcd_rp2040.c.obj
                0x00000000100053cc                dcd_edpt_clear_stall
 .text.rp2040_usb_init
                0x00000000100053fc       0x4c CMakeFiles/william.dir/home/peter/dev/pico/pico-sdk/lib/tinyusb/src/portable/raspberrypi/rp2040/rp2040_usb.c.obj
                0x00000000100053fc                rp2040_usb_init
 .text.hw_endpoint_xfer_start
                0x0000000010005448       0x50 CMakeFiles/william.dir/home/peter/dev/pico/pico-sdk/lib/tinyusb/src/portable/raspberrypi/rp2040/rp2040_usb.c.obj
                0x0000000010005448                hw_endpoint_xfer_start
 .text.tud_mounted
                0x0000000010005498       0x10 CMakeFiles/william.dir/home/peter/dev/pico/pico-sdk/lib/tinyusb/src/device/usbd.c.obj
                0x0000000010005498                tud_mounted
 .text.tud_suspended
                0x00000000100054a8       0x10 CMakeFiles/william.dir/home/peter/dev/pico/pico-sdk/lib/tinyusb/src/device/usbd.c.obj
                0x00000000100054a8                tud_suspended
 .text.tud_inited
                0x00000000100054b8       0x14 CMakeFiles/william.dir/home/peter/dev/pico/pico-sdk/lib/tinyusb/src/device/usbd.c.obj
                0x00000000100054b8                tud_inited
 .text.tud_init
                0x00000000100054cc       0xe4 CMakeFiles/william.dir/home/peter/dev/pico/pico-sdk/lib/tinyusb/src/device/usbd.c.obj
                0x00000000100054cc                tud_init
 .text.tud_task_ext
                0x00000000100055b0      0x854 CMakeFiles/william.dir/home/peter/dev/pico/pico-sdk/lib/tinyusb/src/device/usbd.c.obj
                0x00000000100055b0                tud_task_ext
 .text.usbd_open_edpt_pair
                0x0000000010005e04       0x9c CMakeFiles/william.dir/home/peter/dev/pico/pico-sdk/lib/tinyusb/src/device/usbd.c.obj
                0x0000000010005e04                usbd_open_edpt_pair
 .text.usbd_defer_func
                0x0000000010005ea0       0x48 CMakeFiles/william.dir/home/peter/dev/pico/pico-sdk/lib/tinyusb/src/device/usbd.c.obj
                0x0000000010005ea0                usbd_defer_func
 .text.usbd_edpt_open
                0x0000000010005ee8       0x34 CMakeFiles/william.dir/home/peter/dev/pico/pico-sdk/lib/tinyusb/src/device/usbd.c.obj
                0x0000000010005ee8                usbd_edpt_open
 .text.usbd_edpt_claim
                0x0000000010005f1c       0x28 CMakeFiles/william.dir/home/peter/dev/pico/pico-sdk/lib/tinyusb/src/device/usbd.c.obj
                0x0000000010005f1c                usbd_edpt_claim
 .text.usbd_edpt_release
                0x0000000010005f44       0x28 CMakeFiles/william.dir/home/peter/dev/pico/pico-sdk/lib/tinyusb/src/device/usbd.c.obj
                0x0000000010005f44                usbd_edpt_release
 .text.usbd_edpt_xfer
                0x0000000010005f6c       0x4c CMakeFiles/william.dir/home/peter/dev/pico/pico-sdk/lib/tinyusb/src/device/usbd.c.obj
                0x0000000010005f6c                usbd_edpt_xfer
 .text.tud_control_status
                0x0000000010005fb8       0x30 CMakeFiles/william.dir/home/peter/dev/pico/pico-sdk/lib/tinyusb/src/device/usbd_control.c.obj
                0x0000000010005fb8                tud_control_status
 .text.tud_control_xfer
                0x0000000010005fe8       0xbc CMakeFiles/william.dir/home/peter/dev/pico/pico-sdk/lib/tinyusb/src/device/usbd_control.c.obj
                0x0000000010005fe8                tud_control_xfer
 .text.usbd_control_reset
                0x00000000100060a4       0x14 CMakeFiles/william.dir/home/peter/dev/pico/pico-sdk/lib/tinyusb/src/device/usbd_control.c.obj
                0x00000000100060a4                usbd_control_reset
 .text.usbd_control_set_complete_callback
                0x00000000100060b8        0xc CMakeFiles/william.dir/home/peter/dev/pico/pico-sdk/lib/tinyusb/src/device/usbd_control.c.obj
                0x00000000100060b8                usbd_control_set_complete_callback
 .text.usbd_control_set_request
                0x00000000100060c4       0x1c CMakeFiles/william.dir/home/peter/dev/pico/pico-sdk/lib/tinyusb/src/device/usbd_control.c.obj
                0x00000000100060c4                usbd_control_set_request
 .text.usbd_control_xfer_cb
                0x00000000100060e0       0xfc CMakeFiles/william.dir/home/peter/dev/pico/pico-sdk/lib/tinyusb/src/device/usbd_control.c.obj
                0x00000000100060e0                usbd_control_xfer_cb
 .text.tud_cdc_n_connected
                0x00000000100061dc       0x30 CMakeFiles/william.dir/home/peter/dev/pico/pico-sdk/lib/tinyusb/src/class/cdc/cdc_device.c.obj
                0x00000000100061dc                tud_cdc_n_connected
 .text.tud_cdc_n_available
                0x000000001000620c       0x18 CMakeFiles/william.dir/home/peter/dev/pico/pico-sdk/lib/tinyusb/src/class/cdc/cdc_device.c.obj
                0x000000001000620c                tud_cdc_n_available
 .text.tud_cdc_n_read
                0x0000000010006224       0x70 CMakeFiles/william.dir/home/peter/dev/pico/pico-sdk/lib/tinyusb/src/class/cdc/cdc_device.c.obj
                0x0000000010006224                tud_cdc_n_read
 .text.tud_cdc_n_write_flush
                0x0000000010006294       0x78 CMakeFiles/william.dir/home/peter/dev/pico/pico-sdk/lib/tinyusb/src/class/cdc/cdc_device.c.obj
                0x0000000010006294                tud_cdc_n_write_flush
 .text.tud_cdc_n_write
                0x000000001000630c       0x34 CMakeFiles/william.dir/home/peter/dev/pico/pico-sdk/lib/tinyusb/src/class/cdc/cdc_device.c.obj
                0x000000001000630c                tud_cdc_n_write
 .text.tud_cdc_n_write_available
                0x0000000010006340       0x18 CMakeFiles/william.dir/home/peter/dev/pico/pico-sdk/lib/tinyusb/src/class/cdc/cdc_device.c.obj
                0x0000000010006340                tud_cdc_n_write_available
 .text.cdcd_init
                0x0000000010006358       0x7c CMakeFiles/william.dir/home/peter/dev/pico/pico-sdk/lib/tinyusb/src/class/cdc/cdc_device.c.obj
                0x0000000010006358                cdcd_init
 .text.cdcd_reset
                0x00000000100063d4       0x2c CMakeFiles/william.dir/home/peter/dev/pico/pico-sdk/lib/tinyusb/src/class/cdc/cdc_device.c.obj
                0x00000000100063d4                cdcd_reset
 .text.cdcd_open
                0x0000000010006400       0xe8 CMakeFiles/william.dir/home/peter/dev/pico/pico-sdk/lib/tinyusb/src/class/cdc/cdc_device.c.obj
                0x0000000010006400                cdcd_open
 .text.cdcd_control_xfer_cb
                0x00000000100064e8       0xe4 CMakeFiles/william.dir/home/peter/dev/pico/pico-sdk/lib/tinyusb/src/class/cdc/cdc_device.c.obj
                0x00000000100064e8                cdcd_control_xfer_cb
 .text.cdcd_xfer_cb
                0x00000000100065cc      0x148 CMakeFiles/william.dir/home/peter/dev/pico/pico-sdk/lib/tinyusb/src/class/cdc/cdc_device.c.obj
                0x00000000100065cc                cdcd_xfer_cb
 .text.tusb_init
                0x0000000010006714        0xc CMakeFiles/william.dir/home/peter/dev/pico/pico-sdk/lib/tinyusb/src/tusb.c.obj
                0x0000000010006714                tusb_init
 .text.tusb_inited
                0x0000000010006720        0x8 CMakeFiles/william.dir/home/peter/dev/pico/pico-sdk/lib/tinyusb/src/tusb.c.obj
                0x0000000010006720                tusb_inited
 .text.tu_edpt_claim
                0x0000000010006728       0x50 CMakeFiles/william.dir/home/peter/dev/pico/pico-sdk/lib/tinyusb/src/tusb.c.obj
                0x0000000010006728                tu_edpt_claim
 .text.tu_edpt_release
                0x0000000010006778       0x38 CMakeFiles/william.dir/home/peter/dev/pico/pico-sdk/lib/tinyusb/src/tusb.c.obj
                0x0000000010006778                tu_edpt_release
 .text.tu_edpt_validate
                0x00000000100067b0       0x78 CMakeFiles/william.dir/home/peter/dev/pico/pico-sdk/lib/tinyusb/src/tusb.c.obj
                0x00000000100067b0                tu_edpt_validate
 .text.tu_edpt_bind_driver
                0x0000000010006828       0x34 CMakeFiles/william.dir/home/peter/dev/pico/pico-sdk/lib/tinyusb/src/tusb.c.obj
                0x0000000010006828                tu_edpt_bind_driver
 .text.tu_fifo_config
                0x000000001000685c       0x70 CMakeFiles/william.dir/home/peter/dev/pico/pico-sdk/lib/tinyusb/src/common/tusb_fifo.c.obj
                0x000000001000685c                tu_fifo_config
 .text.tu_fifo_count
                0x00000000100068cc       0x2c CMakeFiles/william.dir/home/peter/dev/pico/pico-sdk/lib/tinyusb/src/common/tusb_fifo.c.obj
                0x00000000100068cc                tu_fifo_count
 .text.tu_fifo_empty
                0x00000000100068f8       0x10 CMakeFiles/william.dir/home/peter/dev/pico/pico-sdk/lib/tinyusb/src/common/tusb_fifo.c.obj
                0x00000000100068f8                tu_fifo_empty
 .text.tu_fifo_remaining
                0x0000000010006908       0x2c CMakeFiles/william.dir/home/peter/dev/pico/pico-sdk/lib/tinyusb/src/common/tusb_fifo.c.obj
                0x0000000010006908                tu_fifo_remaining
 .text.tu_fifo_read
                0x0000000010006934       0xa0 CMakeFiles/william.dir/home/peter/dev/pico/pico-sdk/lib/tinyusb/src/common/tusb_fifo.c.obj
                0x0000000010006934                tu_fifo_read
 .text.tu_fifo_read_n
                0x00000000100069d4       0xec CMakeFiles/william.dir/home/peter/dev/pico/pico-sdk/lib/tinyusb/src/common/tusb_fifo.c.obj
                0x00000000100069d4                tu_fifo_read_n
 .text.tu_fifo_write
                0x0000000010006ac0       0x88 CMakeFiles/william.dir/home/peter/dev/pico/pico-sdk/lib/tinyusb/src/common/tusb_fifo.c.obj
                0x0000000010006ac0                tu_fifo_write
 .text.tu_fifo_write_n
                0x0000000010006b48      0x168 CMakeFiles/william.dir/home/peter/dev/pico/pico-sdk/lib/tinyusb/src/common/tusb_fifo.c.obj
                0x0000000010006b48                tu_fifo_write_n
 .text.tu_fifo_clear
                0x0000000010006cb0       0x40 CMakeFiles/william.dir/home/peter/dev/pico/pico-sdk/lib/tinyusb/src/common/tusb_fifo.c.obj
                0x0000000010006cb0                tu_fifo_clear
 .text.tu_fifo_set_overwritable
                0x0000000010006cf0       0x48 CMakeFiles/william.dir/home/peter/dev/pico/pico-sdk/lib/tinyusb/src/common/tusb_fifo.c.obj
                0x0000000010006cf0                tu_fifo_set_overwritable
 .text.adc_init
                0x0000000010006d38       0x38 CMakeFiles/william.dir/home/peter/dev/pico/pico-sdk/src/rp2_common/hardware_adc/adc.c.obj
                0x0000000010006d38                adc_init
 .text.wrap_consumer_take
                0x0000000010006d70       0x50 CMakeFiles/william.dir/home/peter/dev/pico/pico-extras/src/rp2_common/pico_audio_i2s/audio_i2s.c.obj
 .text.audio_i2s_setup
                0x0000000010006dc0      0x144 CMakeFiles/william.dir/home/peter/dev/pico/pico-extras/src/rp2_common/pico_audio_i2s/audio_i2s.c.obj
                0x0000000010006dc0                audio_i2s_setup
 .text.audio_i2s_connect
                0x0000000010006f04       0xb0 CMakeFiles/william.dir/home/peter/dev/pico/pico-extras/src/rp2_common/pico_audio_i2s/audio_i2s.c.obj
                0x0000000010006f04                audio_i2s_connect
 .text.audio_i2s_set_enabled
                0x0000000010006fb4       0x9c CMakeFiles/william.dir/home/peter/dev/pico/pico-extras/src/rp2_common/pico_audio_i2s/audio_i2s.c.obj
                0x0000000010006fb4                audio_i2s_set_enabled
 .text.dma_channel_claim
                0x0000000010007050       0x18 CMakeFiles/william.dir/home/peter/dev/pico/pico-sdk/src/rp2_common/hardware_dma/dma.c.obj
                0x0000000010007050                dma_channel_claim
 .text.pio_sm_claim
                0x0000000010007068       0x30 CMakeFiles/william.dir/home/peter/dev/pico/pico-sdk/src/rp2_common/hardware_pio/pio.c.obj
                0x0000000010007068                pio_sm_claim
 .text.pio_add_program
                0x0000000010007098       0xc8 CMakeFiles/william.dir/home/peter/dev/pico/pico-sdk/src/rp2_common/hardware_pio/pio.c.obj
                0x0000000010007098                pio_add_program
 .text.pio_sm_set_pins
                0x0000000010007160       0x90 CMakeFiles/william.dir/home/peter/dev/pico/pico-sdk/src/rp2_common/hardware_pio/pio.c.obj
                0x0000000010007160                pio_sm_set_pins
 .text.pio_sm_set_pindirs_with_mask
                0x00000000100071f0       0xa4 CMakeFiles/william.dir/home/peter/dev/pico/pico-sdk/src/rp2_common/hardware_pio/pio.c.obj
                0x00000000100071f0                pio_sm_set_pindirs_with_mask
 .text.pio_sm_init
                0x0000000010007294       0x8c CMakeFiles/william.dir/home/peter/dev/pico/pico-sdk/src/rp2_common/hardware_pio/pio.c.obj
                0x0000000010007294                pio_sm_init
 .text.producer_pool_give_buffer_default
                0x0000000010007320       0x3c CMakeFiles/william.dir/home/peter/dev/pico/pico-extras/src/common/pico_audio/audio.cpp.obj
                0x0000000010007320                producer_pool_give_buffer_default
 .text.producer_pool_take_buffer_default
                0x000000001000735c       0x40 CMakeFiles/william.dir/home/peter/dev/pico/pico-extras/src/common/pico_audio/audio.cpp.obj
                0x000000001000735c                producer_pool_take_buffer_default
 .text.consumer_pool_take_buffer_default
                0x000000001000739c       0x48 CMakeFiles/william.dir/home/peter/dev/pico/pico-extras/src/common/pico_audio/audio.cpp.obj
                0x000000001000739c                consumer_pool_take_buffer_default
 .text.consumer_pool_give_buffer_default
                0x00000000100073e4       0x2c CMakeFiles/william.dir/home/peter/dev/pico/pico-extras/src/common/pico_audio/audio.cpp.obj
                0x00000000100073e4                consumer_pool_give_buffer_default
 .text._Z21audio_new_buffer_poolP19audio_buffer_formatii
                0x0000000010007410       0xe8 CMakeFiles/william.dir/home/peter/dev/pico/pico-extras/src/common/pico_audio/audio.cpp.obj
                0x0000000010007410                audio_new_buffer_pool(audio_buffer_format*, int, int)
 .text.audio_new_producer_pool
                0x00000000100074f8        0xc CMakeFiles/william.dir/home/peter/dev/pico/pico-extras/src/common/pico_audio/audio.cpp.obj
                0x00000000100074f8                audio_new_producer_pool
 .text.audio_new_consumer_pool
                0x0000000010007504        0xc CMakeFiles/william.dir/home/peter/dev/pico/pico-extras/src/common/pico_audio/audio.cpp.obj
                0x0000000010007504                audio_new_consumer_pool
 .text.audio_complete_connection
                0x0000000010007510        0xc CMakeFiles/william.dir/home/peter/dev/pico/pico-extras/src/common/pico_audio/audio.cpp.obj
                0x0000000010007510                audio_complete_connection
 .text.give_audio_buffer
                0x000000001000751c       0x1c CMakeFiles/william.dir/home/peter/dev/pico/pico-extras/src/common/pico_audio/audio.cpp.obj
                0x000000001000751c                give_audio_buffer
 .text.take_audio_buffer
                0x0000000010007538       0x18 CMakeFiles/william.dir/home/peter/dev/pico/pico-extras/src/common/pico_audio/audio.cpp.obj
                0x0000000010007538                take_audio_buffer
 .text._Z18consumer_pool_takeI15MultiChannelFmtI6FmtS16Lj2EES0_IS1_Lj1EEEP12audio_bufferP16audio_connectionb
                0x0000000010007550      0x1a0 CMakeFiles/william.dir/home/peter/dev/pico/pico-extras/src/common/pico_audio/audio.cpp.obj
                0x0000000010007550                audio_buffer* consumer_pool_take<MultiChannelFmt<FmtS16, 2u>, MultiChannelFmt<FmtS16, 1u> >(audio_connection*, bool)
 .text.mono_to_stereo_consumer_take
                0x00000000100076f0        0x8 CMakeFiles/william.dir/home/peter/dev/pico/pico-extras/src/common/pico_audio/audio.cpp.obj
                0x00000000100076f0                mono_to_stereo_consumer_take
 .text.pvPortMalloc
                0x00000000100076f8      0x118 CMakeFiles/william.dir/__/lib/FreeRTOS-Kernel/portable/MemMang/heap_4.c.obj
                0x00000000100076f8                pvPortMalloc
 .text.vPortFree
                0x0000000010007810       0x8c CMakeFiles/william.dir/__/lib/FreeRTOS-Kernel/portable/MemMang/heap_4.c.obj
                0x0000000010007810                vPortFree
 .text.vPortSVCHandler
                0x000000001000789c        0x4 CMakeFiles/william.dir/__/lib/FreeRTOS-Kernel/portable/ThirdParty/GCC/RP2040/port.c.obj
                0x000000001000789c                vPortSVCHandler
 .text.vPortStartFirstTask
                0x00000000100078a0       0x38 CMakeFiles/william.dir/__/lib/FreeRTOS-Kernel/portable/ThirdParty/GCC/RP2040/port.c.obj
 .text.prvFIFOInterruptHandler
                0x00000000100078d8       0x2c CMakeFiles/william.dir/__/lib/FreeRTOS-Kernel/portable/ThirdParty/GCC/RP2040/port.c.obj
 *fill*         0x0000000010007904        0xc 
 .text.xPortPendSVHandler
                0x0000000010007910       0x78 CMakeFiles/william.dir/__/lib/FreeRTOS-Kernel/portable/ThirdParty/GCC/RP2040/port.c.obj
                0x0000000010007910                xPortPendSVHandler
 .text.xPortSysTickHandler
                0x0000000010007988       0x24 CMakeFiles/william.dir/__/lib/FreeRTOS-Kernel/portable/ThirdParty/GCC/RP2040/port.c.obj
                0x0000000010007988                xPortSysTickHandler
 .text.prvTaskExitError
                0x00000000100079ac        0x8 CMakeFiles/william.dir/__/lib/FreeRTOS-Kernel/portable/ThirdParty/GCC/RP2040/port.c.obj
 .text.pxPortInitialiseStack
                0x00000000100079b4       0x20 CMakeFiles/william.dir/__/lib/FreeRTOS-Kernel/portable/ThirdParty/GCC/RP2040/port.c.obj
                0x00000000100079b4                pxPortInitialiseStack
 .text.vPortYield
                0x00000000100079d4       0x18 CMakeFiles/william.dir/__/lib/FreeRTOS-Kernel/portable/ThirdParty/GCC/RP2040/port.c.obj
                0x00000000100079d4                vPortYield
 .text.vPortEnableInterrupts
                0x00000000100079ec       0x30 CMakeFiles/william.dir/__/lib/FreeRTOS-Kernel/portable/ThirdParty/GCC/RP2040/port.c.obj
                0x00000000100079ec                vPortEnableInterrupts
 .text.ulSetInterruptMaskFromISR
                0x0000000010007a1c        0x8 CMakeFiles/william.dir/__/lib/FreeRTOS-Kernel/portable/ThirdParty/GCC/RP2040/port.c.obj
                0x0000000010007a1c                ulSetInterruptMaskFromISR
 .text.vClearInterruptMaskFromISR
                0x0000000010007a24        0x8 CMakeFiles/william.dir/__/lib/FreeRTOS-Kernel/portable/ThirdParty/GCC/RP2040/port.c.obj
                0x0000000010007a24                vClearInterruptMaskFromISR
 .text.vYieldCore
                0x0000000010007a2c        0xc CMakeFiles/william.dir/__/lib/FreeRTOS-Kernel/portable/ThirdParty/GCC/RP2040/port.c.obj
                0x0000000010007a2c                vYieldCore
 .text.vPortSetupTimerInterrupt
                0x0000000010007a38       0x34 CMakeFiles/william.dir/__/lib/FreeRTOS-Kernel/portable/ThirdParty/GCC/RP2040/port.c.obj
                0x0000000010007a38                vPortSetupTimerInterrupt
 .text.xPortStartSchedulerOnCore.isra.0
                0x0000000010007a6c       0xac CMakeFiles/william.dir/__/lib/FreeRTOS-Kernel/portable/ThirdParty/GCC/RP2040/port.c.obj
 .text.prvDisableInterruptsAndPortStartSchedulerOnCore
                0x0000000010007b18        0x8 CMakeFiles/william.dir/__/lib/FreeRTOS-Kernel/portable/ThirdParty/GCC/RP2040/port.c.obj
 .text.xPortStartScheduler
                0x0000000010007b20       0x28 CMakeFiles/william.dir/__/lib/FreeRTOS-Kernel/portable/ThirdParty/GCC/RP2040/port.c.obj
                0x0000000010007b20                xPortStartScheduler
 .text.ulPortLockGetCurrentOwnerId
                0x0000000010007b48       0x30 CMakeFiles/william.dir/__/lib/FreeRTOS-Kernel/portable/ThirdParty/GCC/RP2040/port.c.obj
                0x0000000010007b48                ulPortLockGetCurrentOwnerId
 .text.vPortLockInternalSpinUnlockWithWait
                0x0000000010007b78       0x6c CMakeFiles/william.dir/__/lib/FreeRTOS-Kernel/portable/ThirdParty/GCC/RP2040/port.c.obj
                0x0000000010007b78                vPortLockInternalSpinUnlockWithWait
 .text.vPortLockInternalSpinUnlockWithNotify
                0x0000000010007be4       0x84 CMakeFiles/william.dir/__/lib/FreeRTOS-Kernel/portable/ThirdParty/GCC/RP2040/port.c.obj
                0x0000000010007be4                vPortLockInternalSpinUnlockWithNotify
 .text.xPortLockInternalSpinUnlockWithBestEffortWaitOrTimeout
                0x0000000010007c68       0xec CMakeFiles/william.dir/__/lib/FreeRTOS-Kernel/portable/ThirdParty/GCC/RP2040/port.c.obj
                0x0000000010007c68                xPortLockInternalSpinUnlockWithBestEffortWaitOrTimeout
 .text.startup.prvRuntimeInitializer
                0x0000000010007d54       0x10 CMakeFiles/william.dir/__/lib/FreeRTOS-Kernel/portable/ThirdParty/GCC/RP2040/port.c.obj
 .text.vEventGroupSetBitsCallback
                0x0000000010007d64       0x8c CMakeFiles/william.dir/__/lib/FreeRTOS-Kernel/event_groups.c.obj
                0x0000000010007d64                vEventGroupSetBitsCallback
 .text.xEventGroupCreate
                0x0000000010007df0       0x18 CMakeFiles/william.dir/__/lib/FreeRTOS-Kernel/event_groups.c.obj
                0x0000000010007df0                xEventGroupCreate
 .text.xEventGroupWaitBits
                0x0000000010007e08       0xb8 CMakeFiles/william.dir/__/lib/FreeRTOS-Kernel/event_groups.c.obj
                0x0000000010007e08                xEventGroupWaitBits
 .text.xEventGroupSetBits
                0x0000000010007ec0       0x90 CMakeFiles/william.dir/__/lib/FreeRTOS-Kernel/event_groups.c.obj
                0x0000000010007ec0                xEventGroupSetBits
 .text.xEventGroupSetBitsFromISR
                0x0000000010007f50       0x14 CMakeFiles/william.dir/__/lib/FreeRTOS-Kernel/event_groups.c.obj
                0x0000000010007f50                xEventGroupSetBitsFromISR
 .text.vListInitialise
                0x0000000010007f64       0x18 CMakeFiles/william.dir/__/lib/FreeRTOS-Kernel/list.c.obj
                0x0000000010007f64                vListInitialise
 .text.vListInitialiseItem
                0x0000000010007f7c        0x8 CMakeFiles/william.dir/__/lib/FreeRTOS-Kernel/list.c.obj
                0x0000000010007f7c                vListInitialiseItem
 .text.vListInsertEnd
                0x0000000010007f84       0x18 CMakeFiles/william.dir/__/lib/FreeRTOS-Kernel/list.c.obj
                0x0000000010007f84                vListInsertEnd
 .text.vListInsert
                0x0000000010007f9c       0x30 CMakeFiles/william.dir/__/lib/FreeRTOS-Kernel/list.c.obj
                0x0000000010007f9c                vListInsert
 .text.uxListRemove
                0x0000000010007fcc       0x24 CMakeFiles/william.dir/__/lib/FreeRTOS-Kernel/list.c.obj
                0x0000000010007fcc                uxListRemove
 .text.prvUnlockQueue
                0x0000000010007ff0      0x148 CMakeFiles/william.dir/__/lib/FreeRTOS-Kernel/queue.c.obj
 .text.prvNotifyQueueSetContainer
                0x0000000010008138       0x9c CMakeFiles/william.dir/__/lib/FreeRTOS-Kernel/queue.c.obj
 .text.xQueueGenericCreate
                0x00000000100081d4       0xa0 CMakeFiles/william.dir/__/lib/FreeRTOS-Kernel/queue.c.obj
                0x00000000100081d4                xQueueGenericCreate
 .text.xQueueGenericSend
                0x0000000010008274      0x1cc CMakeFiles/william.dir/__/lib/FreeRTOS-Kernel/queue.c.obj
                0x0000000010008274                xQueueGenericSend
 .text.xQueueGenericSendFromISR
                0x0000000010008440      0x138 CMakeFiles/william.dir/__/lib/FreeRTOS-Kernel/queue.c.obj
                0x0000000010008440                xQueueGenericSendFromISR
 .text.xQueueReceive
                0x0000000010008578      0x11c CMakeFiles/william.dir/__/lib/FreeRTOS-Kernel/queue.c.obj
                0x0000000010008578                xQueueReceive
 .text.vQueueAddToRegistry
                0x0000000010008694       0xec CMakeFiles/william.dir/__/lib/FreeRTOS-Kernel/queue.c.obj
                0x0000000010008694                vQueueAddToRegistry
 .text.vQueueWaitForMessageRestricted
                0x0000000010008780       0x48 CMakeFiles/william.dir/__/lib/FreeRTOS-Kernel/queue.c.obj
                0x0000000010008780                vQueueWaitForMessageRestricted
 .text.prvMinimalIdleTask
                0x00000000100087c8       0x18 CMakeFiles/william.dir/__/lib/FreeRTOS-Kernel/tasks.c.obj
 .text.prvAddCurrentTaskToDelayedList
                0x00000000100087e0      0x134 CMakeFiles/william.dir/__/lib/FreeRTOS-Kernel/tasks.c.obj
 .text.vTaskExitCritical.part.0
                0x0000000010008914       0x94 CMakeFiles/william.dir/__/lib/FreeRTOS-Kernel/tasks.c.obj
 .text.prvCheckForRunStateChange.part.0
                0x00000000100089a8      0x154 CMakeFiles/william.dir/__/lib/FreeRTOS-Kernel/tasks.c.obj
 .text.prvIdleTask
                0x0000000010008afc      0x1bc CMakeFiles/william.dir/__/lib/FreeRTOS-Kernel/tasks.c.obj
 .text.vTaskSuspendAll.part.0
                0x0000000010008cb8      0x104 CMakeFiles/william.dir/__/lib/FreeRTOS-Kernel/tasks.c.obj
 .text.prvYieldForTask
                0x0000000010008dbc       0xe4 CMakeFiles/william.dir/__/lib/FreeRTOS-Kernel/tasks.c.obj
 .text.vTaskSuspendAll
                0x0000000010008ea0      0x10c CMakeFiles/william.dir/__/lib/FreeRTOS-Kernel/tasks.c.obj
                0x0000000010008ea0                vTaskSuspendAll
 .text.xTaskGetTickCount
                0x0000000010008fac        0xc CMakeFiles/william.dir/__/lib/FreeRTOS-Kernel/tasks.c.obj
                0x0000000010008fac                xTaskGetTickCount
 .text.uxTaskGetNumberOfTasks
                0x0000000010008fb8        0xc CMakeFiles/william.dir/__/lib/FreeRTOS-Kernel/tasks.c.obj
                0x0000000010008fb8                uxTaskGetNumberOfTasks
 .text.xTaskIncrementTick
                0x0000000010008fc4      0x238 CMakeFiles/william.dir/__/lib/FreeRTOS-Kernel/tasks.c.obj
                0x0000000010008fc4                xTaskIncrementTick
 .text.vTaskSwitchContext
                0x00000000100091fc      0x308 CMakeFiles/william.dir/__/lib/FreeRTOS-Kernel/tasks.c.obj
                0x00000000100091fc                vTaskSwitchContext
 .text.vTaskPlaceOnEventList
                0x0000000010009504      0x134 CMakeFiles/william.dir/__/lib/FreeRTOS-Kernel/tasks.c.obj
                0x0000000010009504                vTaskPlaceOnEventList
 .text.vTaskPlaceOnUnorderedEventList
                0x0000000010009638       0x9c CMakeFiles/william.dir/__/lib/FreeRTOS-Kernel/tasks.c.obj
                0x0000000010009638                vTaskPlaceOnUnorderedEventList
 .text.vTaskPlaceOnEventListRestricted
                0x00000000100096d4       0x8c CMakeFiles/william.dir/__/lib/FreeRTOS-Kernel/tasks.c.obj
                0x00000000100096d4                vTaskPlaceOnEventListRestricted
 .text.xTaskRemoveFromEventList
                0x0000000010009760       0xd4 CMakeFiles/william.dir/__/lib/FreeRTOS-Kernel/tasks.c.obj
                0x0000000010009760                xTaskRemoveFromEventList
 .text.vTaskInternalSetTimeOutState
                0x0000000010009834       0x18 CMakeFiles/william.dir/__/lib/FreeRTOS-Kernel/tasks.c.obj
                0x0000000010009834                vTaskInternalSetTimeOutState
 .text.xTaskCheckForTimeOut
                0x000000001000984c      0x19c CMakeFiles/william.dir/__/lib/FreeRTOS-Kernel/tasks.c.obj
                0x000000001000984c                xTaskCheckForTimeOut
 .text.vTaskMissedYield
                0x00000000100099e8       0x14 CMakeFiles/william.dir/__/lib/FreeRTOS-Kernel/tasks.c.obj
                0x00000000100099e8                vTaskMissedYield
 .text.xTaskGetCurrentTaskHandle
                0x00000000100099fc       0x1c CMakeFiles/william.dir/__/lib/FreeRTOS-Kernel/tasks.c.obj
                0x00000000100099fc                xTaskGetCurrentTaskHandle
 .text.xTaskGetSchedulerState
                0x0000000010009a18      0x100 CMakeFiles/william.dir/__/lib/FreeRTOS-Kernel/tasks.c.obj
                0x0000000010009a18                xTaskGetSchedulerState
 .text.xTaskPriorityDisinherit
                0x0000000010009b18       0xd0 CMakeFiles/william.dir/__/lib/FreeRTOS-Kernel/tasks.c.obj
                0x0000000010009b18                xTaskPriorityDisinherit
 .text.vTaskYieldWithinAPI
                0x0000000010009be8       0x28 CMakeFiles/william.dir/__/lib/FreeRTOS-Kernel/tasks.c.obj
                0x0000000010009be8                vTaskYieldWithinAPI
 .text.vTaskEnterCritical
                0x0000000010009c10       0xe0 CMakeFiles/william.dir/__/lib/FreeRTOS-Kernel/tasks.c.obj
                0x0000000010009c10                vTaskEnterCritical
 .text.xTaskCreateAffinitySet
                0x0000000010009cf0      0x2a4 CMakeFiles/william.dir/__/lib/FreeRTOS-Kernel/tasks.c.obj
                0x0000000010009cf0                xTaskCreateAffinitySet
 .text.vTaskStartScheduler
                0x0000000010009f94       0xc0 CMakeFiles/william.dir/__/lib/FreeRTOS-Kernel/tasks.c.obj
                0x0000000010009f94                vTaskStartScheduler
 .text.xTaskResumeAll.part.0
                0x000000001000a054      0x16c CMakeFiles/william.dir/__/lib/FreeRTOS-Kernel/tasks.c.obj
 .text.xTaskResumeAll
                0x000000001000a1c0       0x18 CMakeFiles/william.dir/__/lib/FreeRTOS-Kernel/tasks.c.obj
                0x000000001000a1c0                xTaskResumeAll
 .text.vTaskDelay
                0x000000001000a1d8       0x64 CMakeFiles/william.dir/__/lib/FreeRTOS-Kernel/tasks.c.obj
                0x000000001000a1d8                vTaskDelay
 .text.vTaskRemoveFromUnorderedEventList
                0x000000001000a23c       0x9c CMakeFiles/william.dir/__/lib/FreeRTOS-Kernel/tasks.c.obj
                0x000000001000a23c                vTaskRemoveFromUnorderedEventList
 .text.xTaskCreate
                0x000000001000a2d8      0x2a8 CMakeFiles/william.dir/__/lib/FreeRTOS-Kernel/tasks.c.obj
                0x000000001000a2d8                xTaskCreate
 .text.vTaskEnterCriticalFromISR
                0x000000001000a580       0x84 CMakeFiles/william.dir/__/lib/FreeRTOS-Kernel/tasks.c.obj
                0x000000001000a580                vTaskEnterCriticalFromISR
 .text.vTaskExitCritical
                0x000000001000a604       0xa0 CMakeFiles/william.dir/__/lib/FreeRTOS-Kernel/tasks.c.obj
                0x000000001000a604                vTaskExitCritical
 .text.vTaskExitCriticalFromISR
                0x000000001000a6a4       0x64 CMakeFiles/william.dir/__/lib/FreeRTOS-Kernel/tasks.c.obj
                0x000000001000a6a4                vTaskExitCriticalFromISR
 .text.uxTaskResetEventItemValue
                0x000000001000a708       0x48 CMakeFiles/william.dir/__/lib/FreeRTOS-Kernel/tasks.c.obj
                0x000000001000a708                uxTaskResetEventItemValue
 .text.prvTimerTask
                0x000000001000a750      0x360 CMakeFiles/william.dir/__/lib/FreeRTOS-Kernel/timers.c.obj
 .text.xTimerCreateTimerTask
                0x000000001000aab0       0x8c CMakeFiles/william.dir/__/lib/FreeRTOS-Kernel/timers.c.obj
                0x000000001000aab0                xTimerCreateTimerTask
 .text.xTimerCreate
                0x000000001000ab3c       0xb8 CMakeFiles/william.dir/__/lib/FreeRTOS-Kernel/timers.c.obj
                0x000000001000ab3c                xTimerCreate
 .text.xTimerGenericCommandFromTask
                0x000000001000abf4       0x44 CMakeFiles/william.dir/__/lib/FreeRTOS-Kernel/timers.c.obj
                0x000000001000abf4                xTimerGenericCommandFromTask
 .text.pvTimerGetTimerID
                0x000000001000ac38       0x14 CMakeFiles/william.dir/__/lib/FreeRTOS-Kernel/timers.c.obj
                0x000000001000ac38                pvTimerGetTimerID
 .text.vTimerSetTimerID
                0x000000001000ac4c       0x14 CMakeFiles/william.dir/__/lib/FreeRTOS-Kernel/timers.c.obj
                0x000000001000ac4c                vTimerSetTimerID
 .text.xTimerPendFunctionCallFromISR
                0x000000001000ac60       0x28 CMakeFiles/william.dir/__/lib/FreeRTOS-Kernel/timers.c.obj
                0x000000001000ac60                xTimerPendFunctionCallFromISR
 .text.exception_set_exclusive_handler
                0x000000001000ac88       0x48 CMakeFiles/william.dir/home/peter/dev/pico/pico-sdk/src/rp2_common/hardware_exception/exception.c.obj
                0x000000001000ac88                exception_set_exclusive_handler
 .text.core1_trampoline
                0x000000001000acd0        0x4 CMakeFiles/william.dir/home/peter/dev/pico/pico-sdk/src/rp2_common/pico_multicore/multicore.c.obj
 .text.core1_wrapper
                0x000000001000acd4        0xc CMakeFiles/william.dir/home/peter/dev/pico/pico-sdk/src/rp2_common/pico_multicore/multicore.c.obj
                0x000000001000acd4                core1_wrapper
 .text.multicore_launch_core1_raw
                0x000000001000ace0       0x84 CMakeFiles/william.dir/home/peter/dev/pico/pico-sdk/src/rp2_common/pico_multicore/multicore.c.obj
                0x000000001000ace0                multicore_launch_core1_raw
 .text.multicore_launch_core1
                0x000000001000ad64       0x4c CMakeFiles/william.dir/home/peter/dev/pico/pico-sdk/src/rp2_common/pico_multicore/multicore.c.obj
                0x000000001000ad64                multicore_launch_core1
 .text          0x000000001000adb0       0x18 /usr/lib/gcc/arm-none-eabi/10.3.1/../../../arm-none-eabi/lib/thumb/v6-m/nofp/libc.a(lib_a-calloc.o)
                0x000000001000adb0                calloc
 .text          0x000000001000adc8       0x5c /usr/lib/gcc/arm-none-eabi/10.3.1/../../../arm-none-eabi/lib/thumb/v6-m/nofp/libc.a(lib_a-callocr.o)
                0x000000001000adc8                _calloc_r
 .text          0x000000001000ae24       0x28 /usr/lib/gcc/arm-none-eabi/10.3.1/../../../arm-none-eabi/lib/thumb/v6-m/nofp/libc.a(lib_a-malloc.o)
                0x000000001000ae24                malloc
                0x000000001000ae38                free
 .text          0x000000001000ae4c      0x574 /usr/lib/gcc/arm-none-eabi/10.3.1/../../../arm-none-eabi/lib/thumb/v6-m/nofp/libc.a(lib_a-mallocr.o)
                0x000000001000ae4c                _malloc_r
 .text          0x000000001000b3c0        0x8 /usr/lib/gcc/arm-none-eabi/10.3.1/../../../arm-none-eabi/lib/thumb/v6-m/nofp/libc.a(lib_a-mlock.o)
                0x000000001000b3c0                __malloc_lock
                0x000000001000b3c4                __malloc_unlock
 .text          0x000000001000b3c8       0x24 /usr/lib/gcc/arm-none-eabi/10.3.1/../../../arm-none-eabi/lib/thumb/v6-m/nofp/libc.a(lib_a-sbrkr.o)
                0x000000001000b3c8                _sbrk_r
 .text          0x000000001000b3ec       0x5c /usr/lib/gcc/arm-none-eabi/10.3.1/../../../arm-none-eabi/lib/thumb/v6-m/nofp/libc.a(lib_a-strlen-stub.o)
                0x000000001000b3ec                strlen
 .text          0x000000001000b448      0x260 /usr/lib/gcc/arm-none-eabi/10.3.1/../../../arm-none-eabi/lib/thumb/v6-m/nofp/libc.a(lib_a-freer.o)
                0x000000001000b448                _malloc_trim_r
                0x000000001000b4e4                _free_r
 *(.fini)
 .fini          0x000000001000b6a8        0x4 /usr/lib/gcc/arm-none-eabi/10.3.1/thumb/v6-m/nofp/crti.o
                0x000000001000b6a8                _fini
 *fill*         0x000000001000b6ac        0x4 
 .fini.__stub   0x000000001000b6b0       0xe0 linker stubs
 *crtbegin.o(.ctors)
 *crtbegin?.o(.ctors)
 *(EXCLUDE_FILE(*crtend.o *crtend?.o) .ctors)
 *(SORT_BY_NAME(.ctors.*))
 *(.ctors)
 *crtbegin.o(.dtors)
 *crtbegin?.o(.dtors)
 *(EXCLUDE_FILE(*crtend.o *crtend?.o) .dtors)
 *(SORT_BY_NAME(.dtors.*))
 *(.dtors)
 *(.eh_frame*)
 .eh_frame      0x000000001000b790        0x0 /usr/lib/gcc/arm-none-eabi/10.3.1/thumb/v6-m/nofp/crtbegin.o
                0x000000001000b790                . = ALIGN (0x4)

.glue_7         0x000000001000b790        0x0
 .glue_7        0x000000001000b790        0x0 linker stubs

.glue_7t        0x000000001000b790        0x0
 .glue_7t       0x000000001000b790        0x0 linker stubs

.vfp11_veneer   0x000000001000b790        0x0
 .vfp11_veneer  0x000000001000b790        0x0 linker stubs

.v4_bx          0x000000001000b790        0x0
 .v4_bx         0x000000001000b790        0x0 linker stubs

.iplt           0x000000001000b790        0x0
 .iplt          0x000000001000b790        0x0 /usr/lib/gcc/arm-none-eabi/10.3.1/thumb/v6-m/nofp/crtbegin.o

.rodata         0x000000001000b790      0x70c
 *(EXCLUDE_FILE(*libm.a: *libc.a:*lib_a-mem*.o *libgcc.a:) .rodata*)
 .rodata._Z14vTaskReadSpeedPv.str1.4
                0x000000001000b790       0x10 CMakeFiles/william.dir/main.cpp.obj
 .rodata._Z20vTaskLightControllerPv.str1.4
                0x000000001000b7a0        0x6 CMakeFiles/william.dir/main.cpp.obj
 *fill*         0x000000001000b7a6        0x2 
 .rodata._Z10init_audiov.str1.4
                0x000000001000b7a8       0x29 CMakeFiles/william.dir/main.cpp.obj
 *fill*         0x000000001000b7d1        0x3 
 .rodata.main.str1.4
                0x000000001000b7d4       0x17 CMakeFiles/william.dir/main.cpp.obj
 *fill*         0x000000001000b7eb        0x1 
 .rodata.str1.4
                0x000000001000b7ec       0x19 CMakeFiles/william.dir/main.cpp.obj
 *fill*         0x000000001000b805        0x3 
 .rodata        0x000000001000b808        0x4 CMakeFiles/william.dir/main.cpp.obj
 .rodata._ZZ4mainE8__bi_204
                0x000000001000b80c        0xc CMakeFiles/william.dir/main.cpp.obj
 .rodata.spin_lock_claim.str1.4
                0x000000001000b818       0x1f CMakeFiles/william.dir/home/peter/dev/pico/pico-sdk/src/rp2_common/hardware_sync/sync.c.obj
 *fill*         0x000000001000b837        0x1 
 .rodata.spin_lock_claim_unused.str1.4
                0x000000001000b838       0x1b CMakeFiles/william.dir/home/peter/dev/pico/pico-sdk/src/rp2_common/hardware_sync/sync.c.obj
 *fill*         0x000000001000b853        0x1 
 .rodata.user_irq_claim_unused.str1.4
                0x000000001000b854       0x1b CMakeFiles/william.dir/home/peter/dev/pico/pico-sdk/src/rp2_common/hardware_irq/irq.c.obj
 *fill*         0x000000001000b86f        0x1 
 .rodata.hardware_alarm_claim.str1.4
                0x000000001000b870       0x22 CMakeFiles/william.dir/home/peter/dev/pico/pico-sdk/src/rp2_common/hardware_timer/timer.c.obj
 *fill*         0x000000001000b892        0x2 
 .rodata.panic.str1.4
                0x000000001000b894       0x12 CMakeFiles/william.dir/home/peter/dev/pico/pico-sdk/src/rp2_common/pico_runtime/runtime.c.obj
 *fill*         0x000000001000b8a6        0x2 
 .rodata.panic_unsupported.str1.4
                0x000000001000b8a8        0xe CMakeFiles/william.dir/home/peter/dev/pico/pico-sdk/src/rp2_common/pico_runtime/runtime.c.obj
 *fill*         0x000000001000b8b6        0x2 
 .rodata.hard_assertion_failure.str1.4
                0x000000001000b8b8        0xc CMakeFiles/william.dir/home/peter/dev/pico/pico-sdk/src/rp2_common/pico_runtime/runtime.c.obj
 .rodata._ftoa.str1.4
                0x000000001000b8c4       0x15 CMakeFiles/william.dir/home/peter/dev/pico/pico-sdk/src/rp2_common/pico_printf/printf.c.obj
 *fill*         0x000000001000b8d9        0x3 
 .rodata._vsnprintf
                0x000000001000b8dc      0x1e0 CMakeFiles/william.dir/home/peter/dev/pico/pico-sdk/src/rp2_common/pico_printf/printf.c.obj
 *fill*         0x000000001000babc        0x4 
 .rodata.pow10.0
                0x000000001000bac0       0x50 CMakeFiles/william.dir/home/peter/dev/pico/pico-sdk/src/rp2_common/pico_printf/printf.c.obj
 .rodata.__wrap_malloc.str1.4
                0x000000001000bb10        0xe CMakeFiles/william.dir/home/peter/dev/pico/pico-sdk/src/rp2_common/pico_malloc/pico_malloc.c.obj
 *fill*         0x000000001000bb1e        0x2 
 .rodata.str1.4
                0x000000001000bb20       0x3c CMakeFiles/william.dir/home/peter/dev/pico/pico-sdk/src/rp2_common/pico_standard_link/binary_info.c.obj
 .rodata.__bi_44
                0x000000001000bb5c        0xc CMakeFiles/william.dir/home/peter/dev/pico/pico-sdk/src/rp2_common/pico_standard_link/binary_info.c.obj
 .rodata.__bi_75
                0x000000001000bb68        0xc CMakeFiles/william.dir/home/peter/dev/pico/pico-sdk/src/rp2_common/pico_standard_link/binary_info.c.obj
 .rodata.__bi_81
                0x000000001000bb74        0xc CMakeFiles/william.dir/home/peter/dev/pico/pico-sdk/src/rp2_common/pico_standard_link/binary_info.c.obj
 .rodata.crlf_str.0
                0x000000001000bb80        0x2 CMakeFiles/william.dir/home/peter/dev/pico/pico-sdk/src/rp2_common/pico_stdio/stdio.c.obj
 *fill*         0x000000001000bb82        0x2 
 .rodata._resetd_driver
                0x000000001000bb84       0x18 CMakeFiles/william.dir/home/peter/dev/pico/pico-sdk/src/rp2_common/pico_stdio_usb/reset_interface.c.obj
 .rodata.str1.4
                0x000000001000bb9c       0x13 CMakeFiles/william.dir/home/peter/dev/pico/pico-sdk/src/rp2_common/pico_stdio_usb/stdio_usb.c.obj
 *fill*         0x000000001000bbaf        0x1 
 .rodata.__bi_182.0
                0x000000001000bbb0        0xc CMakeFiles/william.dir/home/peter/dev/pico/pico-sdk/src/rp2_common/pico_stdio_usb/stdio_usb.c.obj
 .rodata.str1.4
                0x000000001000bbbc       0x2a CMakeFiles/william.dir/home/peter/dev/pico/pico-sdk/src/rp2_common/pico_stdio_usb/stdio_usb_descriptors.c.obj
 *fill*         0x000000001000bbe6        0x2 
 .rodata.usbd_desc_cfg
                0x000000001000bbe8       0x54 CMakeFiles/william.dir/home/peter/dev/pico/pico-sdk/src/rp2_common/pico_stdio_usb/stdio_usb_descriptors.c.obj
 .rodata.usbd_desc_device
                0x000000001000bc3c       0x12 CMakeFiles/william.dir/home/peter/dev/pico/pico-sdk/src/rp2_common/pico_stdio_usb/stdio_usb_descriptors.c.obj
 *fill*         0x000000001000bc4e        0x2 
 .rodata.usbd_desc_str
                0x000000001000bc50       0x18 CMakeFiles/william.dir/home/peter/dev/pico/pico-sdk/src/rp2_common/pico_stdio_usb/stdio_usb_descriptors.c.obj
 .rodata.str1.4
                0x000000001000bc68       0x14 CMakeFiles/william.dir/home/peter/dev/pico/pico-sdk/lib/tinyusb/src/portable/raspberrypi/rp2040/dcd_rp2040.c.obj
 .rodata.str1.4
                0x000000001000bc7c       0x53 CMakeFiles/william.dir/home/peter/dev/pico/pico-sdk/lib/tinyusb/src/portable/raspberrypi/rp2040/rp2040_usb.c.obj
 *fill*         0x000000001000bccf        0x1 
 .rodata.tud_task_ext
                0x000000001000bcd0       0x8c CMakeFiles/william.dir/home/peter/dev/pico/pico-sdk/lib/tinyusb/src/device/usbd.c.obj
 .rodata._usbd_driver
                0x000000001000bd5c       0x18 CMakeFiles/william.dir/home/peter/dev/pico/pico-sdk/lib/tinyusb/src/device/usbd.c.obj
 .rodata.audio_i2s_connect_thru.str1.4
                0x000000001000bd74       0x60 CMakeFiles/william.dir/home/peter/dev/pico/pico-extras/src/rp2_common/pico_audio_i2s/audio_i2s.c.obj
 .rodata.audio_i2s_program
                0x000000001000bdd4        0x6 CMakeFiles/william.dir/home/peter/dev/pico/pico-extras/src/rp2_common/pico_audio_i2s/audio_i2s.c.obj
 *fill*         0x000000001000bdda        0x2 
 .rodata.audio_i2s_program_instructions
                0x000000001000bddc       0x10 CMakeFiles/william.dir/home/peter/dev/pico/pico-extras/src/rp2_common/pico_audio_i2s/audio_i2s.c.obj
 .rodata.dma_channel_claim.str1.4
                0x000000001000bdec       0x22 CMakeFiles/william.dir/home/peter/dev/pico/pico-sdk/src/rp2_common/hardware_dma/dma.c.obj
 *fill*         0x000000001000be0e        0x2 
 .rodata.pio_sm_claim.str1.4
                0x000000001000be10       0x40 CMakeFiles/william.dir/home/peter/dev/pico/pico-sdk/src/rp2_common/hardware_pio/pio.c.obj
 .rodata.pio_add_program.str1.4
                0x000000001000be50       0x11 CMakeFiles/william.dir/home/peter/dev/pico/pico-sdk/src/rp2_common/hardware_pio/pio.c.obj
 *fill*         0x000000001000be61        0x3 
 .rodata.prvTimerTask
                0x000000001000be64       0x28 CMakeFiles/william.dir/__/lib/FreeRTOS-Kernel/timers.c.obj
 .rodata.xTimerCreateTimerTask.str1.4
                0x000000001000be8c       0x10 CMakeFiles/william.dir/__/lib/FreeRTOS-Kernel/timers.c.obj
                0x000000001000be9c                . = ALIGN (0x4)
 *(SORT_BY_ALIGNMENT(SORT_BY_NAME(.flashdata*)))
                0x000000001000be9c                . = ALIGN (0x4)

.ARM.extab
 *(.ARM.extab* .gnu.linkonce.armextab.*)
                0x000000001000be9c                __exidx_start = .

.ARM.exidx
 *(.ARM.exidx* .gnu.linkonce.armexidx.*)
                0x000000001000be9c                __exidx_end = .
                0x000000001000be9c                . = ALIGN (0x4)
                0x000000001000be9c                __binary_info_start = .

.binary_info    0x000000001000be9c       0x24
 *(.binary_info.keep.*)
 .binary_info.keep.__bi_ptr204
                0x000000001000be9c        0x4 CMakeFiles/william.dir/main.cpp.obj
 .binary_info.keep.__bi_ptr22
                0x000000001000bea0        0x4 CMakeFiles/william.dir/home/peter/dev/pico/pico-sdk/src/rp2_common/pico_standard_link/binary_info.c.obj
 .binary_info.keep.__bi_ptr30
                0x000000001000bea4        0x4 CMakeFiles/william.dir/home/peter/dev/pico/pico-sdk/src/rp2_common/pico_standard_link/binary_info.c.obj
 .binary_info.keep.__bi_ptr38
                0x000000001000bea8        0x4 CMakeFiles/william.dir/home/peter/dev/pico/pico-sdk/src/rp2_common/pico_standard_link/binary_info.c.obj
 .binary_info.keep.__bi_ptr44
                0x000000001000beac        0x4 CMakeFiles/william.dir/home/peter/dev/pico/pico-sdk/src/rp2_common/pico_standard_link/binary_info.c.obj
 .binary_info.keep.__bi_ptr50
                0x000000001000beb0        0x4 CMakeFiles/william.dir/home/peter/dev/pico/pico-sdk/src/rp2_common/pico_standard_link/binary_info.c.obj
 .binary_info.keep.__bi_ptr75
                0x000000001000beb4        0x4 CMakeFiles/william.dir/home/peter/dev/pico/pico-sdk/src/rp2_common/pico_standard_link/binary_info.c.obj
 .binary_info.keep.__bi_ptr81
                0x000000001000beb8        0x4 CMakeFiles/william.dir/home/peter/dev/pico/pico-sdk/src/rp2_common/pico_standard_link/binary_info.c.obj
 *(.binary_info.*)
 .binary_info.__bi_ptr182
                0x000000001000bebc        0x4 CMakeFiles/william.dir/home/peter/dev/pico/pico-sdk/src/rp2_common/pico_stdio_usb/stdio_usb.c.obj
                0x000000001000bec0                __binary_info_end = .

.rel.dyn        0x000000001000bec0        0x0
 .rel.iplt      0x000000001000bec0        0x0 /usr/lib/gcc/arm-none-eabi/10.3.1/thumb/v6-m/nofp/crtbegin.o
                0x000000001000bec0                . = ALIGN (0x4)

.ram_vector_table
                0x0000000020000000       0xc0
 *(.ram_vector_table)
 .ram_vector_table
                0x0000000020000000       0xc0 CMakeFiles/william.dir/home/peter/dev/pico/pico-sdk/src/rp2_common/pico_runtime/runtime.c.obj
                0x0000000020000000                ram_vector_table

.data           0x00000000200000c0     0x59e4 load address 0x000000001000bec0
                0x00000000200000c0                __data_start__ = .
 *(vtable)
 *(.time_critical*)
 .time_critical.mutex_enter_blocking
                0x00000000200000c0       0x3c CMakeFiles/william.dir/home/peter/dev/pico/pico-sdk/src/common/pico_sync/mutex.c.obj
                0x00000000200000c0                mutex_enter_blocking
 .time_critical.mutex_try_enter
                0x00000000200000fc       0x44 CMakeFiles/william.dir/home/peter/dev/pico/pico-sdk/src/common/pico_sync/mutex.c.obj
                0x00000000200000fc                mutex_try_enter
 .time_critical.mutex_try_enter_block_until
                0x0000000020000140       0x9c CMakeFiles/william.dir/home/peter/dev/pico/pico-sdk/src/common/pico_sync/mutex.c.obj
                0x0000000020000140                mutex_try_enter_block_until
 .time_critical.mutex_enter_timeout_ms
                0x00000000200001dc       0x78 CMakeFiles/william.dir/home/peter/dev/pico/pico-sdk/src/common/pico_sync/mutex.c.obj
                0x00000000200001dc                mutex_enter_timeout_ms
 .time_critical.mutex_exit
                0x0000000020000254       0x20 CMakeFiles/william.dir/home/peter/dev/pico/pico-sdk/src/common/pico_sync/mutex.c.obj
                0x0000000020000254                mutex_exit
 .time_critical.flash_init_boot2_copyout
                0x0000000020000274       0x30 CMakeFiles/william.dir/home/peter/dev/pico/pico-sdk/src/rp2_common/hardware_flash/flash.c.obj
 .time_critical.flash_enable_xip_via_boot2
                0x00000000200002a4       0x10 CMakeFiles/william.dir/home/peter/dev/pico/pico-sdk/src/rp2_common/hardware_flash/flash.c.obj
 .time_critical.flash_cs_force
                0x00000000200002b4       0x38 CMakeFiles/william.dir/home/peter/dev/pico/pico-sdk/src/rp2_common/hardware_flash/flash.c.obj
 .time_critical.flash_do_cmd
                0x00000000200002ec       0xc4 CMakeFiles/william.dir/home/peter/dev/pico/pico-sdk/src/rp2_common/hardware_flash/flash.c.obj
                0x00000000200002ec                flash_do_cmd
 .time_critical.reset_non_control_endpoints
                0x00000000200003b0       0xbc CMakeFiles/william.dir/home/peter/dev/pico/pico-sdk/lib/tinyusb/src/portable/raspberrypi/rp2040/dcd_rp2040.c.obj
 .time_critical.hw_handle_buff_status
                0x000000002000046c       0xa8 CMakeFiles/william.dir/home/peter/dev/pico/pico-sdk/lib/tinyusb/src/portable/raspberrypi/rp2040/dcd_rp2040.c.obj
 .time_critical.dcd_rp2040_irq
                0x0000000020000514      0x4d8 CMakeFiles/william.dir/home/peter/dev/pico/pico-sdk/lib/tinyusb/src/portable/raspberrypi/rp2040/dcd_rp2040.c.obj
 .time_critical.e15_is_bulkin_ep
                0x00000000200009ec       0x28 CMakeFiles/william.dir/home/peter/dev/pico/pico-sdk/lib/tinyusb/src/portable/raspberrypi/rp2040/rp2040_usb.c.obj
 .time_critical.e15_is_critical_frame_period
                0x0000000020000a14       0x34 CMakeFiles/william.dir/home/peter/dev/pico/pico-sdk/lib/tinyusb/src/portable/raspberrypi/rp2040/rp2040_usb.c.obj
 .time_critical.prepare_ep_buffer
                0x0000000020000a48       0x70 CMakeFiles/william.dir/home/peter/dev/pico/pico-sdk/lib/tinyusb/src/portable/raspberrypi/rp2040/rp2040_usb.c.obj
 .time_critical.sync_ep_buffer
                0x0000000020000ab8       0x4c CMakeFiles/william.dir/home/peter/dev/pico/pico-sdk/lib/tinyusb/src/portable/raspberrypi/rp2040/rp2040_usb.c.obj
 .time_critical._hw_endpoint_xfer_sync
                0x0000000020000b04       0x28 CMakeFiles/william.dir/home/peter/dev/pico/pico-sdk/lib/tinyusb/src/portable/raspberrypi/rp2040/rp2040_usb.c.obj
 .time_critical.hw_endpoint_reset_transfer
                0x0000000020000b2c        0xc CMakeFiles/william.dir/home/peter/dev/pico/pico-sdk/lib/tinyusb/src/portable/raspberrypi/rp2040/rp2040_usb.c.obj
                0x0000000020000b2c                hw_endpoint_reset_transfer
 .time_critical._hw_endpoint_buffer_control_update32
                0x0000000020000b38       0x58 CMakeFiles/william.dir/home/peter/dev/pico/pico-sdk/lib/tinyusb/src/portable/raspberrypi/rp2040/rp2040_usb.c.obj
                0x0000000020000b38                _hw_endpoint_buffer_control_update32
 .time_critical.hw_endpoint_start_next_buffer
                0x0000000020000b90       0x6c CMakeFiles/william.dir/home/peter/dev/pico/pico-sdk/lib/tinyusb/src/portable/raspberrypi/rp2040/rp2040_usb.c.obj
                0x0000000020000b90                hw_endpoint_start_next_buffer
 .time_critical.hw_endpoint_xfer_continue
                0x0000000020000bfc       0x50 CMakeFiles/william.dir/home/peter/dev/pico/pico-sdk/lib/tinyusb/src/portable/raspberrypi/rp2040/rp2040_usb.c.obj
                0x0000000020000bfc                hw_endpoint_xfer_continue
 .time_critical.tinyusb
                0x0000000020000c4c      0x170 CMakeFiles/william.dir/home/peter/dev/pico/pico-sdk/lib/tinyusb/src/device/usbd.c.obj
                0x0000000020000c4c                dcd_event_handler
 .time_critical.audio_i2s_dma_irq_handler
                0x0000000020000dbc       0x74 CMakeFiles/william.dir/home/peter/dev/pico/pico-extras/src/rp2_common/pico_audio_i2s/audio_i2s.c.obj
 *(.text*)
 .text          0x0000000020000e30        0x4 /usr/lib/gcc/arm-none-eabi/10.3.1/thumb/v6-m/nofp/libgcc.a(_dvmd_tls.o)
                0x0000000020000e30                __aeabi_ldiv0
                0x0000000020000e30                __aeabi_idiv0